Archive member included to satisfy reference by file (symbol)

c:/intelfpga_lite/18.1/nios2eds/bin/gnu/h-x86_64-mingw32/bin/../lib/gcc/nios2-elf/5.3.0/../../../../../H-x86_64-mingw32/nios2-elf/lib/mno-hw-mul\libc.a(lib_a-puts.o)
                              obj/default/hello_ucosii.o (puts)
c:/intelfpga_lite/18.1/nios2eds/bin/gnu/h-x86_64-mingw32/bin/../lib/gcc/nios2-elf/5.3.0/../../../../../H-x86_64-mingw32/nios2-elf/lib/mno-hw-mul\libc.a(lib_a-strlen.o)
                              c:/intelfpga_lite/18.1/nios2eds/bin/gnu/h-x86_64-mingw32/bin/../lib/gcc/nios2-elf/5.3.0/../../../../../H-x86_64-mingw32/nios2-elf/lib/mno-hw-mul\libc.a(lib_a-puts.o) (strlen)
c:/intelfpga_lite/18.1/nios2eds/bin/gnu/h-x86_64-mingw32/bin/../lib/gcc/nios2-elf/5.3.0/../../../../../H-x86_64-mingw32/nios2-elf/lib/mno-hw-mul\libc.a(lib_a-findfp.o)
                              c:/intelfpga_lite/18.1/nios2eds/bin/gnu/h-x86_64-mingw32/bin/../lib/gcc/nios2-elf/5.3.0/../../../../../H-x86_64-mingw32/nios2-elf/lib/mno-hw-mul\libc.a(lib_a-puts.o) (__sinit)
c:/intelfpga_lite/18.1/nios2eds/bin/gnu/h-x86_64-mingw32/bin/../lib/gcc/nios2-elf/5.3.0/../../../../../H-x86_64-mingw32/nios2-elf/lib/mno-hw-mul\libc.a(lib_a-fvwrite.o)
                              c:/intelfpga_lite/18.1/nios2eds/bin/gnu/h-x86_64-mingw32/bin/../lib/gcc/nios2-elf/5.3.0/../../../../../H-x86_64-mingw32/nios2-elf/lib/mno-hw-mul\libc.a(lib_a-puts.o) (__sfvwrite_r)
c:/intelfpga_lite/18.1/nios2eds/bin/gnu/h-x86_64-mingw32/bin/../lib/gcc/nios2-elf/5.3.0/../../../../../H-x86_64-mingw32/nios2-elf/lib/mno-hw-mul\libc.a(lib_a-fwalk.o)
                              c:/intelfpga_lite/18.1/nios2eds/bin/gnu/h-x86_64-mingw32/bin/../lib/gcc/nios2-elf/5.3.0/../../../../../H-x86_64-mingw32/nios2-elf/lib/mno-hw-mul\libc.a(lib_a-findfp.o) (_fwalk)
c:/intelfpga_lite/18.1/nios2eds/bin/gnu/h-x86_64-mingw32/bin/../lib/gcc/nios2-elf/5.3.0/../../../../../H-x86_64-mingw32/nios2-elf/lib/mno-hw-mul\libc.a(lib_a-impure.o)
                              c:/intelfpga_lite/18.1/nios2eds/bin/gnu/h-x86_64-mingw32/bin/../lib/gcc/nios2-elf/5.3.0/../../../../../H-x86_64-mingw32/nios2-elf/lib/mno-hw-mul\libc.a(lib_a-findfp.o) (_global_impure_ptr)
c:/intelfpga_lite/18.1/nios2eds/bin/gnu/h-x86_64-mingw32/bin/../lib/gcc/nios2-elf/5.3.0/../../../../../H-x86_64-mingw32/nios2-elf/lib/mno-hw-mul\libc.a(lib_a-mallocr.o)
                              c:/intelfpga_lite/18.1/nios2eds/bin/gnu/h-x86_64-mingw32/bin/../lib/gcc/nios2-elf/5.3.0/../../../../../H-x86_64-mingw32/nios2-elf/lib/mno-hw-mul\libc.a(lib_a-findfp.o) (_malloc_r)
c:/intelfpga_lite/18.1/nios2eds/bin/gnu/h-x86_64-mingw32/bin/../lib/gcc/nios2-elf/5.3.0/../../../../../H-x86_64-mingw32/nios2-elf/lib/mno-hw-mul\libc.a(lib_a-memchr.o)
                              c:/intelfpga_lite/18.1/nios2eds/bin/gnu/h-x86_64-mingw32/bin/../lib/gcc/nios2-elf/5.3.0/../../../../../H-x86_64-mingw32/nios2-elf/lib/mno-hw-mul\libc.a(lib_a-fvwrite.o) (memchr)
c:/intelfpga_lite/18.1/nios2eds/bin/gnu/h-x86_64-mingw32/bin/../lib/gcc/nios2-elf/5.3.0/../../../../../H-x86_64-mingw32/nios2-elf/lib/mno-hw-mul\libc.a(lib_a-memcpy.o)
                              c:/intelfpga_lite/18.1/nios2eds/bin/gnu/h-x86_64-mingw32/bin/../lib/gcc/nios2-elf/5.3.0/../../../../../H-x86_64-mingw32/nios2-elf/lib/mno-hw-mul\libc.a(lib_a-fvwrite.o) (memcpy)
c:/intelfpga_lite/18.1/nios2eds/bin/gnu/h-x86_64-mingw32/bin/../lib/gcc/nios2-elf/5.3.0/../../../../../H-x86_64-mingw32/nios2-elf/lib/mno-hw-mul\libc.a(lib_a-memmove.o)
                              c:/intelfpga_lite/18.1/nios2eds/bin/gnu/h-x86_64-mingw32/bin/../lib/gcc/nios2-elf/5.3.0/../../../../../H-x86_64-mingw32/nios2-elf/lib/mno-hw-mul\libc.a(lib_a-fvwrite.o) (memmove)
c:/intelfpga_lite/18.1/nios2eds/bin/gnu/h-x86_64-mingw32/bin/../lib/gcc/nios2-elf/5.3.0/../../../../../H-x86_64-mingw32/nios2-elf/lib/mno-hw-mul\libc.a(lib_a-memset.o)
                              c:/intelfpga_lite/18.1/nios2eds/bin/gnu/h-x86_64-mingw32/bin/../lib/gcc/nios2-elf/5.3.0/../../../../../H-x86_64-mingw32/nios2-elf/lib/mno-hw-mul\libc.a(lib_a-findfp.o) (memset)
c:/intelfpga_lite/18.1/nios2eds/bin/gnu/h-x86_64-mingw32/bin/../lib/gcc/nios2-elf/5.3.0/../../../../../H-x86_64-mingw32/nios2-elf/lib/mno-hw-mul\libc.a(lib_a-reallocr.o)
                              c:/intelfpga_lite/18.1/nios2eds/bin/gnu/h-x86_64-mingw32/bin/../lib/gcc/nios2-elf/5.3.0/../../../../../H-x86_64-mingw32/nios2-elf/lib/mno-hw-mul\libc.a(lib_a-fvwrite.o) (_realloc_r)
c:/intelfpga_lite/18.1/nios2eds/bin/gnu/h-x86_64-mingw32/bin/../lib/gcc/nios2-elf/5.3.0/../../../../../H-x86_64-mingw32/nios2-elf/lib/mno-hw-mul\libc.a(lib_a-sbrkr.o)
                              c:/intelfpga_lite/18.1/nios2eds/bin/gnu/h-x86_64-mingw32/bin/../lib/gcc/nios2-elf/5.3.0/../../../../../H-x86_64-mingw32/nios2-elf/lib/mno-hw-mul\libc.a(lib_a-mallocr.o) (_sbrk_r)
[...]
Memory Configuration

Name             Origin             Length             Attributes
reset            0x0000000004000000 0x0000000000000020
sdram            0x0000000004000020 0x0000000003ffffe0
onchip_memory2_0 0x0000000008008000 0x0000000000008000
*default*        0x0000000000000000 0xffffffffffffffff

Linker script and memory map

LOAD H:/Real_Time/TP_bsp//obj/HAL/src/crt0.o
LOAD obj/default/hello_ucosii.o
LOAD c:/intelfpga_lite/18.1/nios2eds/bin/gnu/h-x86_64-mingw32/bin/../lib/gcc/nios2-elf/5.3.0/../../../../../H-x86_64-mingw32/nios2-elf/lib/mno-hw-mul\libstdc++.a
LOAD c:/intelfpga_lite/18.1/nios2eds/bin/gnu/h-x86_64-mingw32/bin/../lib/gcc/nios2-elf/5.3.0/../../../../../H-x86_64-mingw32/nios2-elf/lib/mno-hw-mul\libm.a
LOAD c:/intelfpga_lite/18.1/nios2eds/bin/gnu/h-x86_64-mingw32/bin/../lib/gcc/nios2-elf/5.3.0/mno-hw-mul\libgcc.a
START GROUP
LOAD c:/intelfpga_lite/18.1/nios2eds/bin/gnu/h-x86_64-mingw32/bin/../lib/gcc/nios2-elf/5.3.0/../../../../../H-x86_64-mingw32/nios2-elf/lib/mno-hw-mul\libc.a
LOAD c:/intelfpga_lite/18.1/nios2eds/bin/gnu/h-x86_64-mingw32/bin/../lib/gcc/nios2-elf/5.3.0/mno-hw-mul\libgcc.a
LOAD H:/Real_Time/TP_bsp/\libucosii_bsp.a
LOAD c:/intelfpga_lite/18.1/nios2eds/bin/gnu/h-x86_64-mingw32/bin/../lib/gcc/nios2-elf/5.3.0/../../../../../H-x86_64-mingw32/nios2-elf/lib/mno-hw-mul\libm.a
END GROUP
LOAD c:/intelfpga_lite/18.1/nios2eds/bin/gnu/h-x86_64-mingw32/bin/../lib/gcc/nios2-elf/5.3.0/mno-hw-mul\libgcc.a
                0x0000000004000000                __alt_mem_sdram = 0x4000000
                0x0000000008008000                __alt_mem_onchip_memory2_0 = 0x8008000

.entry          0x0000000004000000       0x20
 *(.entry)
 .entry         0x0000000004000000       0x20 H:/Real_Time/TP_bsp//obj/HAL/src/crt0.o
                0x0000000004000000                __reset

.exceptions     0x0000000004000020      0x210
                0x0000000004000020                PROVIDE (__ram_exceptions_start, ABSOLUTE (.))
                0x0000000004000020                . = ALIGN (0x20)
 *(.irq)
 *(.exceptions.entry.label)
 .exceptions.entry.label
                0x0000000004000020        0x0 H:/Real_Time/TP_bsp/\libucosii_bsp.a(alt_irq_entry.o)
                0x0000000004000020                alt_irq_entry
 .exceptions.entry.label
                0x0000000004000020        0x0 H:/Real_Time/TP_bsp/\libucosii_bsp.a(alt_exception_entry.o)
                0x0000000004000020                alt_exception
 *(.exceptions.entry.user)
 *(.exceptions.entry.ecc_fatal)
 *(.exceptions.entry)
 .exceptions.entry
                0x0000000004000020       0x54 H:/Real_Time/TP_bsp/\libucosii_bsp.a(alt_exception_entry.o)
 *(.exceptions.irqtest.user)
 *(.exceptions.irqtest)
 .exceptions.irqtest
                0x0000000004000074       0x10 H:/Real_Time/TP_bsp/\libucosii_bsp.a(alt_irq_entry.o)
 *(.exceptions.irqhandler.user)
 *(.exceptions.irqhandler)
 .exceptions.irqhandler
                0x0000000004000084        0x4 H:/Real_Time/TP_bsp/\libucosii_bsp.a(alt_irq_entry.o)
 *(.exceptions.irqreturn.user)
 *(.exceptions.irqreturn)
 .exceptions.irqreturn
                0x0000000004000088        0x4 H:/Real_Time/TP_bsp/\libucosii_bsp.a(alt_irq_entry.o)
 *(.exceptions.notirq.label)
 .exceptions.notirq.label
                0x000000000400008c        0x0 H:/Real_Time/TP_bsp/\libucosii_bsp.a(alt_irq_entry.o)
 *(.exceptions.notirq.user)
 *(.exceptions.notirq)
 .exceptions.notirq
                0x000000000400008c        0x8 H:/Real_Time/TP_bsp/\libucosii_bsp.a(alt_exception_entry.o)
 *(.exceptions.soft.user)
 *(.exceptions.soft)
 *(.exceptions.unknown.user)
 *(.exceptions.unknown)
 .exceptions.unknown
                0x0000000004000094       0x14 H:/Real_Time/TP_bsp/\libucosii_bsp.a(alt_exception_entry.o)
 *(.exceptions.exit.label)
 .exceptions.exit.label
                0x00000000040000a8        0x0 H:/Real_Time/TP_bsp/\libucosii_bsp.a(alt_irq_entry.o)
 .exceptions.exit.label
                0x00000000040000a8        0x0 H:/Real_Time/TP_bsp/\libucosii_bsp.a(alt_exception_entry.o)
 *(.exceptions.exit.user)
 *(.exceptions.exit)
 .exceptions.exit
                0x00000000040000a8       0x54 H:/Real_Time/TP_bsp/\libucosii_bsp.a(alt_exception_entry.o)
 *(.exceptions)
 .exceptions    0x00000000040000fc       0xd4 H:/Real_Time/TP_bsp/\libucosii_bsp.a(alt_irq_handler.o)
                0x00000000040000fc                alt_irq_handler
 .exceptions    0x00000000040001d0       0x60 H:/Real_Time/TP_bsp/\libucosii_bsp.a(alt_instruction_exception_entry.o)
                0x00000000040001d0                alt_instruction_exception_entry
                0x0000000004000230                PROVIDE (__ram_exceptions_end, ABSOLUTE (.))
                0x0000000004000020                PROVIDE (__flash_exceptions_start, LOADADDR (.exceptions))

.text           0x0000000004000230     0xde54
                [!provide]                        PROVIDE (stext, ABSOLUTE (.))
 *(.interp)
 *(.hash)
 *(.dynsym)
 *(.dynstr)
 *(.gnu.version)
 *(.gnu.version_d)
 *(.gnu.version_r)
 *(.rel.init)
 *(.rela.init)
 *(.rel.text .rel.text.* .rel.gnu.linkonce.t.*)
 *(.rela.text .rela.text.* .rela.gnu.linkonce.t.*)
 *(.rel.fini)
 *(.rela.fini)
 *(.rel.rodata .rel.rodata.* .rel.gnu.linkonce.r.*)
 *(.rela.rodata .rela.rodata.* .rela.gnu.linkonce.r.*)
 *(.rel.data .rel.data.* .rel.gnu.linkonce.d.*)
 *(.rela.data .rela.data.* .rela.gnu.linkonce.d.*)
 *(.rel.tdata .rel.tdata.* .rel.gnu.linkonce.td.*)
 *(.rela.tdata .rela.tdata.* .rela.gnu.linkonce.td.*)
 *(.rel.tbss .rel.tbss.* .rel.gnu.linkonce.tb.*)
 *(.rela.tbss .rela.tbss.* .rela.gnu.linkonce.tb.*)
 *(.rel.ctors)
 *(.rela.ctors)
 *(.rel.dtors)
 *(.rela.dtors)
 *(.rel.got)
 *(.rela.got)
 *(.rel.sdata .rel.sdata.* .rel.gnu.linkonce.s.*)
 *(.rela.sdata .rela.sdata.* .rela.gnu.linkonce.s.*)
 *(.rel.sbss .rel.sbss.* .rel.gnu.linkonce.sb.*)
 *(.rela.sbss .rela.sbss.* .rela.gnu.linkonce.sb.*)
 *(.rel.sdata2 .rel.sdata2.* .rel.gnu.linkonce.s2.*)
 *(.rela.sdata2 .rela.sdata2.* .rela.gnu.linkonce.s2.*)
 *(.rel.sbss2 .rel.sbss2.* .rel.gnu.linkonce.sb2.*)
 *(.rela.sbss2 .rela.sbss2.* .rela.gnu.linkonce.sb2.*)
 *(.rel.bss .rel.bss.* .rel.gnu.linkonce.b.*)
 *(.rela.bss .rela.bss.* .rela.gnu.linkonce.b.*)
 *(.rel.plt)
 *(.rela.plt)
 *(.rel.dyn)
 *(.init)
 *(.plt)
 *(.text .stub .text.* .gnu.linkonce.t.*)
 .text          0x0000000004000230       0x3c H:/Real_Time/TP_bsp//obj/HAL/src/crt0.o
                0x0000000004000230                _start
 .text          0x000000000400026c      0x1b8 obj/default/hello_ucosii.o
                0x000000000400026c                task1
                0x00000000040002a4                task2
                0x00000000040002dc                main
 .text          0x0000000004000424        0x0 c:/intelfpga_lite/18.1/nios2eds/bin/gnu/h-x86_64-mingw32/bin/../lib/gcc/nios2-elf/5.3.0/../../../../../H-x86_64-mingw32/nios2-elf/lib/mno-hw-mul\libc.a(lib_a-puts.o)
 .text._puts_r  0x0000000004000424       0xc0 c:/intelfpga_lite/18.1/nios2eds/bin/gnu/h-x86_64-mingw32/bin/../lib/gcc/nios2-elf/5.3.0/../../../../../H-x86_64-mingw32/nios2-elf/lib/mno-hw-mul\libc.a(lib_a-puts.o)
                0x0000000004000424                _puts_r
 .text.puts     0x00000000040004e4       0x14 c:/intelfpga_lite/18.1/nios2eds/bin/gnu/h-x86_64-mingw32/bin/../lib/gcc/nios2-elf/5.3.0/../../../../../H-x86_64-mingw32/nios2-elf/lib/mno-hw-mul\libc.a(lib_a-puts.o)
                0x00000000040004e4                puts
 .text          0x00000000040004f8        0x0 c:/intelfpga_lite/18.1/nios2eds/bin/gnu/h-x86_64-mingw32/bin/../lib/gcc/nios2-elf/5.3.0/../../../../../H-x86_64-mingw32/nios2-elf/lib/mno-hw-mul\libc.a(lib_a-strlen.o)
 .text.strlen   0x00000000040004f8       0x98 c:/intelfpga_lite/18.1/nios2eds/bin/gnu/h-x86_64-mingw32/bin/../lib/gcc/nios2-elf/5.3.0/../../../../../H-x86_64-mingw32/nios2-elf/lib/mno-hw-mul\libc.a(lib_a-strlen.o)
                0x00000000040004f8                strlen
 .text          0x0000000004000590        0x0 c:/intelfpga_lite/18.1/nios2eds/bin/gnu/h-x86_64-mingw32/bin/../lib/gcc/nios2-elf/5.3.0/../../../../../H-x86_64-mingw32/nios2-elf/lib/mno-hw-mul\libc.a(lib_a-findfp.o)
 .text.__fp_unlock
                0x0000000004000590        0x8 c:/intelfpga_lite/18.1/nios2eds/bin/gnu/h-x86_64-mingw32/bin/../lib/gcc/nios2-elf/5.3.0/../../../../../H-x86_64-mingw32/nios2-elf/lib/mno-hw-mul\libc.a(lib_a-findfp.o)
 .text._cleanup_r
                0x0000000004000598        0xc c:/intelfpga_lite/18.1/nios2eds/bin/gnu/h-x86_64-mingw32/bin/../lib/gcc/nios2-elf/5.3.0/../../../../../H-x86_64-mingw32/nios2-elf/lib/mno-hw-mul\libc.a(lib_a-findfp.o)
                0x0000000004000598                _cleanup_r
 .text.__sinit.part.1
                0x00000000040005a4      0x19c c:/intelfpga_lite/18.1/nios2eds/bin/gnu/h-x86_64-mingw32/bin/../lib/gcc/nios2-elf/5.3.0/../../../../../H-x86_64-mingw32/nios2-elf/lib/mno-hw-mul\libc.a(lib_a-findfp.o)
 .text.__fp_lock
                0x0000000004000740        0x8 c:/intelfpga_lite/18.1/nios2eds/bin/gnu/h-x86_64-mingw32/bin/../lib/gcc/nios2-elf/5.3.0/../../../../../H-x86_64-mingw32/nios2-elf/lib/mno-hw-mul\libc.a(lib_a-findfp.o)
 .text.__sfmoreglue
                0x0000000004000748       0x78 c:/intelfpga_lite/18.1/nios2eds/bin/gnu/h-x86_64-mingw32/bin/../lib/gcc/nios2-elf/5.3.0/../../../../../H-x86_64-mingw32/nios2-elf/lib/mno-hw-mul\libc.a(lib_a-findfp.o)
                0x0000000004000748                __sfmoreglue
 .text.__sfp    0x00000000040007c0      0x118 c:/intelfpga_lite/18.1/nios2eds/bin/gnu/h-x86_64-mingw32/bin/../lib/gcc/nios2-elf/5.3.0/../../../../../H-x86_64-mingw32/nios2-elf/lib/mno-hw-mul\libc.a(lib_a-findfp.o)
                0x00000000040007c0                __sfp
 .text._cleanup
                0x00000000040008d8       0x18 c:/intelfpga_lite/18.1/nios2eds/bin/gnu/h-x86_64-mingw32/bin/../lib/gcc/nios2-elf/5.3.0/../../../../../H-x86_64-mingw32/nios2-elf/lib/mno-hw-mul\libc.a(lib_a-findfp.o)
                0x00000000040008d8                _cleanup
 .text.__sinit  0x00000000040008f0       0x10 c:/intelfpga_lite/18.1/nios2eds/bin/gnu/h-x86_64-mingw32/bin/../lib/gcc/nios2-elf/5.3.0/../../../../../H-x86_64-mingw32/nios2-elf/lib/mno-hw-mul\libc.a(lib_a-findfp.o)
                0x00000000040008f0                __sinit
 .text.__sfp_lock_acquire
                0x0000000004000900        0x4 c:/intelfpga_lite/18.1/nios2eds/bin/gnu/h-x86_64-mingw32/bin/../lib/gcc/nios2-elf/5.3.0/../../../../../H-x86_64-mingw32/nios2-elf/lib/mno-hw-mul\libc.a(lib_a-findfp.o)
                0x0000000004000900                __sfp_lock_acquire
 .text.__sfp_lock_release
                0x0000000004000904        0x4 c:/intelfpga_lite/18.1/nios2eds/bin/gnu/h-x86_64-mingw32/bin/../lib/gcc/nios2-elf/5.3.0/../../../../../H-x86_64-mingw32/nios2-elf/lib/mno-hw-mul\libc.a(lib_a-findfp.o)
                0x0000000004000904                __sfp_lock_release
 .text.__sinit_lock_acquire
                0x0000000004000908        0x4 c:/intelfpga_lite/18.1/nios2eds/bin/gnu/h-x86_64-mingw32/bin/../lib/gcc/nios2-elf/5.3.0/../../../../../H-x86_64-mingw32/nios2-elf/lib/mno-hw-mul\libc.a(lib_a-findfp.o)
                0x0000000004000908                __sinit_lock_acquire
 .text.__sinit_lock_release
                0x000000000400090c        0x4 c:/intelfpga_lite/18.1/nios2eds/bin/gnu/h-x86_64-mingw32/bin/../lib/gcc/nios2-elf/5.3.0/../../../../../H-x86_64-mingw32/nios2-elf/lib/mno-hw-mul\libc.a(lib_a-findfp.o)
                0x000000000400090c                __sinit_lock_release
 .text.__fp_lock_all
                0x0000000004000910       0x18 c:/intelfpga_lite/18.1/nios2eds/bin/gnu/h-x86_64-mingw32/bin/../lib/gcc/nios2-elf/5.3.0/../../../../../H-x86_64-mingw32/nios2-elf/lib/mno-hw-mul\libc.a(lib_a-findfp.o)
                0x0000000004000910                __fp_lock_all
 .text.__fp_unlock_all
                0x0000000004000928       0x18 c:/intelfpga_lite/18.1/nios2eds/bin/gnu/h-x86_64-mingw32/bin/../lib/gcc/nios2-elf/5.3.0/../../../../../H-x86_64-mingw32/nios2-elf/lib/mno-hw-mul\libc.a(lib_a-findfp.o)
                0x0000000004000928                __fp_unlock_all
 .text          0x0000000004000940        0x0 c:/intelfpga_lite/18.1/nios2eds/bin/gnu/h-x86_64-mingw32/bin/../lib/gcc/nios2-elf/5.3.0/../../../../../H-x86_64-mingw32/nios2-elf/lib/mno-hw-mul\libc.a(lib_a-fvwrite.o)
 .text.__sfvwrite_r
                0x0000000004000940      0x4c8 c:/intelfpga_lite/18.1/nios2eds/bin/gnu/h-x86_64-mingw32/bin/../lib/gcc/nios2-elf/5.3.0/../../../../../H-x86_64-mingw32/nios2-elf/lib/mno-hw-mul\libc.a(lib_a-fvwrite.o)
                0x0000000004000940                __sfvwrite_r
 .text          0x0000000004000e08        0x0 c:/intelfpga_lite/18.1/nios2eds/bin/gnu/h-x86_64-mingw32/bin/../lib/gcc/nios2-elf/5.3.0/../../../../../H-x86_64-mingw32/nios2-elf/lib/mno-hw-mul\libc.a(lib_a-fwalk.o)
 .text._fwalk   0x0000000004000e08       0xc4 c:/intelfpga_lite/18.1/nios2eds/bin/gnu/h-x86_64-mingw32/bin/../lib/gcc/nios2-elf/5.3.0/../../../../../H-x86_64-mingw32/nios2-elf/lib/mno-hw-mul\libc.a(lib_a-fwalk.o)
                0x0000000004000e08                _fwalk
 .text._fwalk_reent
                0x0000000004000ecc       0xc4 c:/intelfpga_lite/18.1/nios2eds/bin/gnu/h-x86_64-mingw32/bin/../lib/gcc/nios2-elf/5.3.0/../../../../../H-x86_64-mingw32/nios2-elf/lib/mno-hw-mul\libc.a(lib_a-fwalk.o)
                0x0000000004000ecc                _fwalk_reent
 .text          0x0000000004000f90        0x0 c:/intelfpga_lite/18.1/nios2eds/bin/gnu/h-x86_64-mingw32/bin/../lib/gcc/nios2-elf/5.3.0/../../../../../H-x86_64-mingw32/nios2-elf/lib/mno-hw-mul\libc.a(lib_a-impure.o)
 .text          0x0000000004000f90        0x0 c:/intelfpga_lite/18.1/nios2eds/bin/gnu/h-x86_64-mingw32/bin/../lib/gcc/nios2-elf/5.3.0/../../../../../H-x86_64-mingw32/nios2-elf/lib/mno-hw-mul\libc.a(lib_a-mallocr.o)
 .text._malloc_r
                0x0000000004000f90      0x80c c:/intelfpga_lite/18.1/nios2eds/bin/gnu/h-x86_64-mingw32/bin/../lib/gcc/nios2-elf/5.3.0/../../../../../H-x86_64-mingw32/nios2-elf/lib/mno-hw-mul\libc.a(lib_a-mallocr.o)
                0x0000000004000f90                _malloc_r
 .text          0x000000000400179c        0x0 c:/intelfpga_lite/18.1/nios2eds/bin/gnu/h-x86_64-mingw32/bin/../lib/gcc/nios2-elf/5.3.0/../../../../../H-x86_64-mingw32/nios2-elf/lib/mno-hw-mul\libc.a(lib_a-memchr.o)
 .text.memchr   0x000000000400179c       0xe4 c:/intelfpga_lite/18.1/nios2eds/bin/gnu/h-x86_64-mingw32/bin/../lib/gcc/nios2-elf/5.3.0/../../../../../H-x86_64-mingw32/nios2-elf/lib/mno-hw-mul\libc.a(lib_a-memchr.o)
                0x000000000400179c                memchr
 .text          0x0000000004001880        0x0 c:/intelfpga_lite/18.1/nios2eds/bin/gnu/h-x86_64-mingw32/bin/../lib/gcc/nios2-elf/5.3.0/../../../../../H-x86_64-mingw32/nios2-elf/lib/mno-hw-mul\libc.a(lib_a-memcpy.o)
 .text.memcpy   0x0000000004001880      0x148 c:/intelfpga_lite/18.1/nios2eds/bin/gnu/h-x86_64-mingw32/bin/../lib/gcc/nios2-elf/5.3.0/../../../../../H-x86_64-mingw32/nios2-elf/lib/mno-hw-mul\libc.a(lib_a-memcpy.o)
                0x0000000004001880                memcpy
 .text          0x00000000040019c8        0x0 c:/intelfpga_lite/18.1/nios2eds/bin/gnu/h-x86_64-mingw32/bin/../lib/gcc/nios2-elf/5.3.0/../../../../../H-x86_64-mingw32/nios2-elf/lib/mno-hw-mul\libc.a(lib_a-memmove.o)
 .text.memmove  0x00000000040019c8      0x15c c:/intelfpga_lite/18.1/nios2eds/bin/gnu/h-x86_64-mingw32/bin/../lib/gcc/nios2-elf/5.3.0/../../../../../H-x86_64-mingw32/nios2-elf/lib/mno-hw-mul\libc.a(lib_a-memmove.o)
                0x00000000040019c8                memmove
 .text          0x0000000004001b24        0x0 c:/intelfpga_lite/18.1/nios2eds/bin/gnu/h-x86_64-mingw32/bin/../lib/gcc/nios2-elf/5.3.0/../../../../../H-x86_64-mingw32/nios2-elf/lib/mno-hw-mul\libc.a(lib_a-memset.o)
 .text.memset   0x0000000004001b24      0x128 c:/intelfpga_lite/18.1/nios2eds/bin/gnu/h-x86_64-mingw32/bin/../lib/gcc/nios2-elf/5.3.0/../../../../../H-x86_64-mingw32/nios2-elf/lib/mno-hw-mul\libc.a(lib_a-memset.o)
                0x0000000004001b24                memset
 .text          0x0000000004001c4c        0x0 c:/intelfpga_lite/18.1/nios2eds/bin/gnu/h-x86_64-mingw32/bin/../lib/gcc/nios2-elf/5.3.0/../../../../../H-x86_64-mingw32/nios2-elf/lib/mno-hw-mul\libc.a(lib_a-reallocr.o)
 .text._realloc_r
                0x0000000004001c4c      0x564 c:/intelfpga_lite/18.1/nios2eds/bin/gnu/h-x86_64-mingw32/bin/../lib/gcc/nios2-elf/5.3.0/../../../../../H-x86_64-mingw32/nios2-elf/lib/mno-hw-mul\libc.a(lib_a-reallocr.o)
                0x0000000004001c4c                _realloc_r
 .text          0x00000000040021b0        0x0 c:/intelfpga_lite/18.1/nios2eds/bin/gnu/h-x86_64-mingw32/bin/../lib/gcc/nios2-elf/5.3.0/../../../../../H-x86_64-mingw32/nios2-elf/lib/mno-hw-mul\libc.a(lib_a-sbrkr.o)
 .text._sbrk_r  0x00000000040021b0       0x54 c:/intelfpga_lite/18.1/nios2eds/bin/gnu/h-x86_64-mingw32/bin/../lib/gcc/nios2-elf/5.3.0/../../../../../H-x86_64-mingw32/nios2-elf/lib/mno-hw-mul\libc.a(lib_a-sbrkr.o)
                0x00000000040021b0                _sbrk_r
 .text          0x0000000004002204        0x0 c:/intelfpga_lite/18.1/nios2eds/bin/gnu/h-x86_64-mingw32/bin/../lib/gcc/nios2-elf/5.3.0/../../../../../H-x86_64-mingw32/nios2-elf/lib/mno-hw-mul\libc.a(lib_a-stdio.o)
 .text.__sread  0x0000000004002204       0x54 c:/intelfpga_lite/18.1/nios2eds/bin/gnu/h-x86_64-mingw32/bin/../lib/gcc/nios2-elf/5.3.0/../../../../../H-x86_64-mingw32/nios2-elf/lib/mno-hw-mul\libc.a(lib_a-stdio.o)
                0x0000000004002204                __sread
 .text.__seofread
                0x0000000004002258        0x8 c:/intelfpga_lite/18.1/nios2eds/bin/gnu/h-x86_64-mingw32/bin/../lib/gcc/nios2-elf/5.3.0/../../../../../H-x86_64-mingw32/nios2-elf/lib/mno-hw-mul\libc.a(lib_a-stdio.o)
                0x0000000004002258                __seofread
 .text.__swrite
                0x0000000004002260       0x7c c:/intelfpga_lite/18.1/nios2eds/bin/gnu/h-x86_64-mingw32/bin/../lib/gcc/nios2-elf/5.3.0/../../../../../H-x86_64-mingw32/nios2-elf/lib/mno-hw-mul\libc.a(lib_a-stdio.o)
                0x0000000004002260                __swrite
 .text.__sseek  0x00000000040022dc       0x5c c:/intelfpga_lite/18.1/nios2eds/bin/gnu/h-x86_64-mingw32/bin/../lib/gcc/nios2-elf/5.3.0/../../../../../H-x86_64-mingw32/nios2-elf/lib/mno-hw-mul\libc.a(lib_a-stdio.o)
                0x00000000040022dc                __sseek
 .text.__sclose
                0x0000000004002338        0x8 c:/intelfpga_lite/18.1/nios2eds/bin/gnu/h-x86_64-mingw32/bin/../lib/gcc/nios2-elf/5.3.0/../../../../../H-x86_64-mingw32/nios2-elf/lib/mno-hw-mul\libc.a(lib_a-stdio.o)
                0x0000000004002338                __sclose
 .text          0x0000000004002340        0x0 c:/intelfpga_lite/18.1/nios2eds/bin/gnu/h-x86_64-mingw32/bin/../lib/gcc/nios2-elf/5.3.0/../../../../../H-x86_64-mingw32/nios2-elf/lib/mno-hw-mul\libc.a(lib_a-writer.o)
 .text._write_r
                0x0000000004002340       0x60 c:/intelfpga_lite/18.1/nios2eds/bin/gnu/h-x86_64-mingw32/bin/../lib/gcc/nios2-elf/5.3.0/../../../../../H-x86_64-mingw32/nios2-elf/lib/mno-hw-mul\libc.a(lib_a-writer.o)
                0x0000000004002340                _write_r
 .text          0x00000000040023a0        0x0 c:/intelfpga_lite/18.1/nios2eds/bin/gnu/h-x86_64-mingw32/bin/../lib/gcc/nios2-elf/5.3.0/../../../../../H-x86_64-mingw32/nios2-elf/lib/mno-hw-mul\libc.a(lib_a-wsetup.o)
 .text.__swsetup_r
                0x00000000040023a0      0x154 c:/intelfpga_lite/18.1/nios2eds/bin/gnu/h-x86_64-mingw32/bin/../lib/gcc/nios2-elf/5.3.0/../../../../../H-x86_64-mingw32/nios2-elf/lib/mno-hw-mul\libc.a(lib_a-wsetup.o)
                0x00000000040023a0                __swsetup_r
 .text          0x00000000040024f4        0x0 c:/intelfpga_lite/18.1/nios2eds/bin/gnu/h-x86_64-mingw32/bin/../lib/gcc/nios2-elf/5.3.0/../../../../../H-x86_64-mingw32/nios2-elf/lib/mno-hw-mul\libc.a(closer.o)
 .text._close_r
                0x00000000040024f4       0x54 c:/intelfpga_lite/18.1/nios2eds/bin/gnu/h-x86_64-mingw32/bin/../lib/gcc/nios2-elf/5.3.0/../../../../../H-x86_64-mingw32/nios2-elf/lib/mno-hw-mul\libc.a(closer.o)
                0x00000000040024f4                _close_r
 .text          0x0000000004002548        0x0 c:/intelfpga_lite/18.1/nios2eds/bin/gnu/h-x86_64-mingw32/bin/../lib/gcc/nios2-elf/5.3.0/../../../../../H-x86_64-mingw32/nios2-elf/lib/mno-hw-mul\libc.a(lib_a-fclose.o)
 .text._fclose_r
                0x0000000004002548       0xf0 c:/intelfpga_lite/18.1/nios2eds/bin/gnu/h-x86_64-mingw32/bin/../lib/gcc/nios2-elf/5.3.0/../../../../../H-x86_64-mingw32/nios2-elf/lib/mno-hw-mul\libc.a(lib_a-fclose.o)
                0x0000000004002548                _fclose_r
 .text.fclose   0x0000000004002638       0x14 c:/intelfpga_lite/18.1/nios2eds/bin/gnu/h-x86_64-mingw32/bin/../lib/gcc/nios2-elf/5.3.0/../../../../../H-x86_64-mingw32/nios2-elf/lib/mno-hw-mul\libc.a(lib_a-fclose.o)
                0x0000000004002638                fclose
 .text          0x000000000400264c        0x0 c:/intelfpga_lite/18.1/nios2eds/bin/gnu/h-x86_64-mingw32/bin/../lib/gcc/nios2-elf/5.3.0/../../../../../H-x86_64-mingw32/nios2-elf/lib/mno-hw-mul\libc.a(lib_a-fflush.o)
 .text.__sflush_r
                0x000000000400264c      0x21c c:/intelfpga_lite/18.1/nios2eds/bin/gnu/h-x86_64-mingw32/bin/../lib/gcc/nios2-elf/5.3.0/../../../../../H-x86_64-mingw32/nios2-elf/lib/mno-hw-mul\libc.a(lib_a-fflush.o)
                0x000000000400264c                __sflush_r
 .text._fflush_r
                0x0000000004002868       0x5c c:/intelfpga_lite/18.1/nios2eds/bin/gnu/h-x86_64-mingw32/bin/../lib/gcc/nios2-elf/5.3.0/../../../../../H-x86_64-mingw32/nios2-elf/lib/mno-hw-mul\libc.a(lib_a-fflush.o)
                0x0000000004002868                _fflush_r
 .text.fflush   0x00000000040028c4       0x30 c:/intelfpga_lite/18.1/nios2eds/bin/gnu/h-x86_64-mingw32/bin/../lib/gcc/nios2-elf/5.3.0/../../../../../H-x86_64-mingw32/nios2-elf/lib/mno-hw-mul\libc.a(lib_a-fflush.o)
                0x00000000040028c4                fflush
 .text          0x00000000040028f4        0x0 c:/intelfpga_lite/18.1/nios2eds/bin/gnu/h-x86_64-mingw32/bin/../lib/gcc/nios2-elf/5.3.0/../../../../../H-x86_64-mingw32/nios2-elf/lib/mno-hw-mul\libc.a(lib_a-freer.o)
 .text._malloc_trim_r
                0x00000000040028f4      0x124 c:/intelfpga_lite/18.1/nios2eds/bin/gnu/h-x86_64-mingw32/bin/../lib/gcc/nios2-elf/5.3.0/../../../../../H-x86_64-mingw32/nios2-elf/lib/mno-hw-mul\libc.a(lib_a-freer.o)
                0x00000000040028f4                _malloc_trim_r
 .text._free_r  0x0000000004002a18      0x310 c:/intelfpga_lite/18.1/nios2eds/bin/gnu/h-x86_64-mingw32/bin/../lib/gcc/nios2-elf/5.3.0/../../../../../H-x86_64-mingw32/nios2-elf/lib/mno-hw-mul\libc.a(lib_a-freer.o)
                0x0000000004002a18                _free_r
 .text          0x0000000004002d28        0x0 c:/intelfpga_lite/18.1/nios2eds/bin/gnu/h-x86_64-mingw32/bin/../lib/gcc/nios2-elf/5.3.0/../../../../../H-x86_64-mingw32/nios2-elf/lib/mno-hw-mul\libc.a(lib_a-int_errno.o)
 .text          0x0000000004002d28        0x0 c:/intelfpga_lite/18.1/nios2eds/bin/gnu/h-x86_64-mingw32/bin/../lib/gcc/nios2-elf/5.3.0/../../../../../H-x86_64-mingw32/nios2-elf/lib/mno-hw-mul\libc.a(lib_a-lseekr.o)
 .text._lseek_r
                0x0000000004002d28       0x60 c:/intelfpga_lite/18.1/nios2eds/bin/gnu/h-x86_64-mingw32/bin/../lib/gcc/nios2-elf/5.3.0/../../../../../H-x86_64-mingw32/nios2-elf/lib/mno-hw-mul\libc.a(lib_a-lseekr.o)
                0x0000000004002d28                _lseek_r
 .text          0x0000000004002d88        0x0 c:/intelfpga_lite/18.1/nios2eds/bin/gnu/h-x86_64-mingw32/bin/../lib/gcc/nios2-elf/5.3.0/../../../../../H-x86_64-mingw32/nios2-elf/lib/mno-hw-mul\libc.a(lib_a-makebuf.o)
 .text.__smakebuf_r
                0x0000000004002d88      0x1bc c:/intelfpga_lite/18.1/nios2eds/bin/gnu/h-x86_64-mingw32/bin/../lib/gcc/nios2-elf/5.3.0/../../../../../H-x86_64-mingw32/nios2-elf/lib/mno-hw-mul\libc.a(lib_a-makebuf.o)
                0x0000000004002d88                __smakebuf_r
 .text          0x0000000004002f44        0x0 c:/intelfpga_lite/18.1/nios2eds/bin/gnu/h-x86_64-mingw32/bin/../lib/gcc/nios2-elf/5.3.0/../../../../../H-x86_64-mingw32/nios2-elf/lib/mno-hw-mul\libc.a(lib_a-readr.o)
 .text._read_r  0x0000000004002f44       0x60 c:/intelfpga_lite/18.1/nios2eds/bin/gnu/h-x86_64-mingw32/bin/../lib/gcc/nios2-elf/5.3.0/../../../../../H-x86_64-mingw32/nios2-elf/lib/mno-hw-mul\libc.a(lib_a-readr.o)
                0x0000000004002f44                _read_r
 .text          0x0000000004002fa4        0x0 c:/intelfpga_lite/18.1/nios2eds/bin/gnu/h-x86_64-mingw32/bin/../lib/gcc/nios2-elf/5.3.0/../../../../../H-x86_64-mingw32/nios2-elf/lib/mno-hw-mul\libc.a(lib_a-fstatr.o)
 .text._fstat_r
                0x0000000004002fa4       0x5c c:/intelfpga_lite/18.1/nios2eds/bin/gnu/h-x86_64-mingw32/bin/../lib/gcc/nios2-elf/5.3.0/../../../../../H-x86_64-mingw32/nios2-elf/lib/mno-hw-mul\libc.a(lib_a-fstatr.o)
                0x0000000004002fa4                _fstat_r
 .text          0x0000000004003000        0x0 c:/intelfpga_lite/18.1/nios2eds/bin/gnu/h-x86_64-mingw32/bin/../lib/gcc/nios2-elf/5.3.0/../../../../../H-x86_64-mingw32/nios2-elf/lib/mno-hw-mul\libc.a(lib_a-isattyr.o)
 .text._isatty_r
                0x0000000004003000       0x54 c:/intelfpga_lite/18.1/nios2eds/bin/gnu/h-x86_64-mingw32/bin/../lib/gcc/nios2-elf/5.3.0/../../../../../H-x86_64-mingw32/nios2-elf/lib/mno-hw-mul\libc.a(lib_a-isattyr.o)
                0x0000000004003000                _isatty_r
 .text          0x0000000004003054      0x1b4 c:/intelfpga_lite/18.1/nios2eds/bin/gnu/h-x86_64-mingw32/bin/../lib/gcc/nios2-elf/5.3.0/mno-hw-mul\libgcc.a(lib2-divmod.o)
                0x0000000004003054                __divsi3
                0x00000000040030d8                __modsi3
                0x000000000400314c                __udivsi3
                0x00000000040031b0                __umodsi3
 .text          0x0000000004003208       0x28 c:/intelfpga_lite/18.1/nios2eds/bin/gnu/h-x86_64-mingw32/bin/../lib/gcc/nios2-elf/5.3.0/mno-hw-mul\libgcc.a(lib2-mul.o)
                0x0000000004003208                __mulsi3
 .text          0x0000000004003230      0x114 H:/Real_Time/TP_bsp/\libucosii_bsp.a(alt_close.o)
                0x000000000400326c                close
 .text          0x0000000004003344       0x2c H:/Real_Time/TP_bsp/\libucosii_bsp.a(alt_dev.o)
 .text          0x0000000004003370        0x0 H:/Real_Time/TP_bsp/\libucosii_bsp.a(alt_errno.o)
 .text          0x0000000004003370       0xf4 H:/Real_Time/TP_bsp/\libucosii_bsp.a(alt_fstat.o)
                0x00000000040033ac                fstat
 .text          0x0000000004003464       0xe8 H:/Real_Time/TP_bsp/\libucosii_bsp.a(alt_isatty.o)
                0x00000000040034a0                isatty
 .text          0x000000000400354c       0xec H:/Real_Time/TP_bsp/\libucosii_bsp.a(alt_load.o)
                0x00000000040035b4                alt_load
 .text          0x0000000004003638      0x118 H:/Real_Time/TP_bsp/\libucosii_bsp.a(alt_lseek.o)
                0x0000000004003674                lseek
 .text          0x0000000004003750       0xbc H:/Real_Time/TP_bsp/\libucosii_bsp.a(alt_main.o)
                0x0000000004003750                alt_main
 .text          0x000000000400380c      0x140 H:/Real_Time/TP_bsp/\libucosii_bsp.a(alt_read.o)
                0x0000000004003848                read
 .text          0x000000000400394c       0x84 H:/Real_Time/TP_bsp/\libucosii_bsp.a(alt_release_fd.o)
                0x000000000400394c                alt_release_fd
 .text          0x00000000040039d0       0xb0 H:/Real_Time/TP_bsp/\libucosii_bsp.a(alt_sbrk.o)
                0x00000000040039d0                sbrk
 .text          0x0000000004003a80      0x13c H:/Real_Time/TP_bsp/\libucosii_bsp.a(alt_write.o)
                0x0000000004003abc                write
 .text          0x0000000004003bbc      0x124 H:/Real_Time/TP_bsp/\libucosii_bsp.a(alt_env_lock.o)
                0x0000000004003bbc                __env_lock
                0x0000000004003c80                __env_unlock
 .text          0x0000000004003ce0      0x1ec H:/Real_Time/TP_bsp/\libucosii_bsp.a(alt_malloc_lock.o)
                0x0000000004003ce0                __malloc_lock
                0x0000000004003e00                __malloc_unlock
 .text          0x0000000004003ecc     0x2014 H:/Real_Time/TP_bsp/\libucosii_bsp.a(os_core.o)
                0x0000000004003ecc                OSEventNameGet
                0x0000000004003fec                OSEventNameSet
                0x000000000400412c                OSEventPendMulti
                0x000000000400473c                OSInit
                0x0000000004004794                OSIntEnter
                0x00000000040047e0                OSIntExit
                0x00000000040048d8                OSSchedLock
                0x0000000004004964                OSSchedUnlock
                0x0000000004004a40                OSStart
                0x0000000004004ab0                OSStatInit
                0x0000000004004b60                OSTimeTick
                0x0000000004004d80                OSVersion
                0x0000000004004da0                OS_Dummy
                0x0000000004004dc0                OS_EventTaskRdy
                0x0000000004004f58                OS_EventTaskWait
                0x0000000004005068                OS_EventTaskWaitMulti
                0x00000000040051b8                OS_EventTaskRemove
                0x0000000004005270                OS_EventTaskRemoveMulti
                0x0000000004005370                OS_EventWaitListInit
                0x0000000004005750                OS_MemClr
                0x00000000040057a4                OS_MemCopy
                0x000000000400580c                OS_Sched
                0x0000000004005950                OS_StrCopy
                0x00000000040059c4                OS_StrLen
                0x0000000004005a18                OS_TaskIdle
                0x0000000004005a74                OS_TaskStat
                0x0000000004005b40                OS_TaskStatStkChk
                0x0000000004005c0c                OS_TCBInit
 .text          0x0000000004005ee0      0x190 H:/Real_Time/TP_bsp/\libucosii_bsp.a(os_dbg.o)
                0x0000000004005ee0                OSDebugInit
 .text          0x0000000004006070     0x1714 H:/Real_Time/TP_bsp/\libucosii_bsp.a(os_flag.o)
                0x0000000004006070                OSFlagAccept
                0x0000000004006378                OSFlagCreate
                0x0000000004006480                OSFlagDel
                0x00000000040066c8                OSFlagNameGet
                0x00000000040067f0                OSFlagNameSet
                0x000000000400693c                OSFlagPend
                0x0000000004006ef4                OSFlagPendGetFlagsRdy
                0x0000000004006f54                OSFlagPost
                0x00000000040072e8                OSFlagQuery
                0x000000000400750c                OS_FlagInit
                0x00000000040076e0                OS_FlagUnlink
 .text          0x0000000004007784      0x760 H:/Real_Time/TP_bsp/\libucosii_bsp.a(os_mem.o)
                0x0000000004007784                OSMemCreate
                0x0000000004007958                OSMemGet
                0x0000000004007a48                OSMemNameGet
                0x0000000004007b38                OSMemNameSet
                0x0000000004007c4c                OSMemPut
                0x0000000004007d24                OSMemQuery
                0x0000000004007e0c                OS_MemInit
 .text          0x0000000004007ee4     0x1104 H:/Real_Time/TP_bsp/\libucosii_bsp.a(os_q.o)
                0x0000000004007ee4                OSQAccept
                0x0000000004008024                OSQCreate
                0x00000000040081d0                OSQDel
                0x0000000004008450                OSQFlush
                0x0000000004008508                OSQPend
                0x0000000004008794                OSQPendAbort
                0x0000000004008900                OSQPost
                0x0000000004008a68                OSQPostFront
                0x0000000004008bd8                OSQPostOpt
                0x0000000004008de4                OSQQuery
                0x0000000004008f40                OS_QInit
 .text          0x0000000004008fe8      0xa60 H:/Real_Time/TP_bsp/\libucosii_bsp.a(os_sem.o)
                0x0000000004008fe8                OSSemAccept
                0x0000000004009098                OSSemCreate
                0x0000000004009170                OSSemDel
                0x00000000040093b0                OSSemPend
                0x00000000040095bc                OSSemPendAbort
                0x0000000004009728                OSSemPost
                0x0000000004009838                OSSemQuery
                0x0000000004009948                OSSemSet
 .text          0x0000000004009a48     0x176c H:/Real_Time/TP_bsp/\libucosii_bsp.a(os_task.o)
                0x0000000004009a48                OSTaskChangePrio
                0x0000000004009f38                OSTaskCreate
                0x000000000400a0e4                OSTaskCreateExt
                0x000000000400a2c8                OSTaskDel
                0x000000000400a60c                OSTaskDelReq
                0x000000000400a75c                OSTaskNameGet
                0x000000000400a8f4                OSTaskNameSet
                0x000000000400aaa8                OSTaskResume
                0x000000000400ac7c                OSTaskStkChk
                0x000000000400ae3c                OSTaskSuspend
                0x000000000400b020                OSTaskQuery
                0x000000000400b144                OS_TaskStkClr
 .text          0x000000000400b1b4      0x4f8 H:/Real_Time/TP_bsp/\libucosii_bsp.a(os_time.o)
                0x000000000400b1b4                OSTimeDly
                0x000000000400b2b8                OSTimeDlyHMSM
                0x000000000400b41c                OSTimeDlyResume
                0x000000000400b5f0                OSTimeGet
                0x000000000400b64c                OSTimeSet
 .text          0x000000000400b6ac       0xe0 H:/Real_Time/TP_bsp/\libucosii_bsp.a(alt_sys_init.o)
                0x000000000400b6e0                alt_irq_init
                0x000000000400b718                alt_sys_init
 .text          0x000000000400b78c      0x164 H:/Real_Time/TP_bsp/\libucosii_bsp.a(altera_avalon_jtag_uart_fd.o)
                0x000000000400b78c                altera_avalon_jtag_uart_read_fd
                0x000000000400b7ec                altera_avalon_jtag_uart_write_fd
                0x000000000400b84c                altera_avalon_jtag_uart_close_fd
                0x000000000400b89c                altera_avalon_jtag_uart_ioctl_fd
 .text          0x000000000400b8f0      0x558 H:/Real_Time/TP_bsp/\libucosii_bsp.a(altera_avalon_jtag_uart_init.o)
                0x000000000400b8f0                altera_avalon_jtag_uart_init
                0x000000000400bde0                altera_avalon_jtag_uart_close
 .text          0x000000000400be48       0xf0 H:/Real_Time/TP_bsp/\libucosii_bsp.a(altera_avalon_jtag_uart_ioctl.o)
                0x000000000400be48                altera_avalon_jtag_uart_ioctl
 .text          0x000000000400bf38      0x2bc H:/Real_Time/TP_bsp/\libucosii_bsp.a(altera_avalon_jtag_uart_read.o)
                0x000000000400bf38                altera_avalon_jtag_uart_read
 .text          0x000000000400c1f4      0x2c4 H:/Real_Time/TP_bsp/\libucosii_bsp.a(altera_avalon_jtag_uart_write.o)
                0x000000000400c1f4                altera_avalon_jtag_uart_write
 .text          0x000000000400c4b8       0xf4 H:/Real_Time/TP_bsp/\libucosii_bsp.a(altera_avalon_timer_sc.o)
                0x000000000400c530                alt_avalon_timer_sc_init
 .text          0x000000000400c5ac      0x56c H:/Real_Time/TP_bsp/\libucosii_bsp.a(altera_modular_adc.o)
                0x000000000400c654                alt_adc_word_read
                0x000000000400c700                altera_modular_adc_init
                0x000000000400c774                alt_adc_register_callback
                0x000000000400c80c                altera_modular_adc_open
                0x000000000400c84c                adc_stop
                0x000000000400c89c                adc_start
                0x000000000400c8d4                adc_set_mode_run_once
                0x000000000400c914                adc_set_mode_run_continuously
                0x000000000400c950                adc_recalibrate
                0x000000000400c9cc                adc_interrupt_enable
                0x000000000400ca10                adc_interrupt_disable
                0x000000000400ca58                adc_clear_interrupt_status
                0x000000000400ca9c                adc_interrupt_asserted
                0x000000000400cadc                adc_wait_for_interrupt
 .text          0x000000000400cb18      0x12c H:/Real_Time/TP_bsp/\libucosii_bsp.a(alt_alarm_start.o)
                0x000000000400cb18                alt_alarm_start
 .text          0x000000000400cc44       0x20 H:/Real_Time/TP_bsp/\libucosii_bsp.a(alt_dcache_flush_all.o)
                0x000000000400cc44                alt_dcache_flush_all
 .text          0x000000000400cc64       0xe0 H:/Real_Time/TP_bsp/\libucosii_bsp.a(alt_dev_llist_insert.o)
                0x000000000400cca0                alt_dev_llist_insert
 .text          0x000000000400cd44       0x60 H:/Real_Time/TP_bsp/\libucosii_bsp.a(alt_do_ctors.o)
                0x000000000400cd44                _do_ctors
 .text          0x000000000400cda4       0x60 H:/Real_Time/TP_bsp/\libucosii_bsp.a(alt_do_dtors.o)
                0x000000000400cda4                _do_dtors
 .text          0x000000000400ce04       0x90 H:/Real_Time/TP_bsp/\libucosii_bsp.a(alt_find_dev.o)
                0x000000000400ce04                alt_find_dev
 .text          0x000000000400ce94       0x20 H:/Real_Time/TP_bsp/\libucosii_bsp.a(alt_icache_flush_all.o)
                0x000000000400ce94                alt_icache_flush_all
 .text          0x000000000400ceb4      0x1b0 H:/Real_Time/TP_bsp/\libucosii_bsp.a(alt_iic.o)
                0x000000000400ceb4                alt_ic_isr_register
                0x000000000400cf04                alt_ic_irq_enable
                0x000000000400cf8c                alt_ic_irq_disable
                0x000000000400d018                alt_ic_irq_enabled
 .text          0x000000000400d064       0xf0 H:/Real_Time/TP_bsp/\libucosii_bsp.a(alt_iic_isr_register.o)
                0x000000000400d064                alt_iic_isr_register
 .text          0x000000000400d154      0x160 H:/Real_Time/TP_bsp/\libucosii_bsp.a(alt_io_redirect.o)
                0x000000000400d238                alt_io_redirect
 .text          0x000000000400d2b4        0x0 H:/Real_Time/TP_bsp/\libucosii_bsp.a(alt_irq_entry.o)
 .text          0x000000000400d2b4        0x0 H:/Real_Time/TP_bsp/\libucosii_bsp.a(alt_irq_handler.o)
 .text          0x000000000400d2b4        0x0 H:/Real_Time/TP_bsp/\libucosii_bsp.a(alt_irq_vars.o)
 .text          0x000000000400d2b4      0x284 H:/Real_Time/TP_bsp/\libucosii_bsp.a(alt_open.o)
                0x000000000400d3dc                open
 .text          0x000000000400d538      0x1a4 H:/Real_Time/TP_bsp/\libucosii_bsp.a(alt_tick.o)
                0x000000000400d538                alt_alarm_stop
                0x000000000400d5d4                alt_tick
 .text          0x000000000400d6dc       0x24 H:/Real_Time/TP_bsp/\libucosii_bsp.a(altera_nios2_gen2_irq.o)
                0x000000000400d6dc                altera_nios2_gen2_irq_init
 .text          0x000000000400d700       0xd0 H:/Real_Time/TP_bsp/\libucosii_bsp.a(os_cpu_a.o)
                0x000000000400d700                OSCtxSw
                0x000000000400d700                OSIntCtxSw
                0x000000000400d78c                OSStartHighRdy
                0x000000000400d7ac                OSStartTsk
 .text          0x000000000400d7d0      0x288 H:/Real_Time/TP_bsp/\libucosii_bsp.a(os_cpu_c.o)
                0x000000000400d7d0                OSTaskStkInit
                0x000000000400d92c                OSTaskCreateHook
                0x000000000400d950                OSTaskDelHook
                0x000000000400d974                OSTaskSwHook
                0x000000000400d994                OSTaskStatHook
                0x000000000400d9b4                OSTimeTickHook
                0x000000000400d9d4                OSInitHookBegin
                0x000000000400d9f4                OSInitHookEnd
                0x000000000400da14                OSTaskIdleHook
                0x000000000400da34                OSTCBInitHook
 .text          0x000000000400da58        0x0 H:/Real_Time/TP_bsp/\libucosii_bsp.a(alt_exception_entry.o)
 .text          0x000000000400da58      0x108 H:/Real_Time/TP_bsp/\libucosii_bsp.a(alt_find_file.o)
                0x000000000400da58                alt_find_file
 .text          0x000000000400db60       0xf4 H:/Real_Time/TP_bsp/\libucosii_bsp.a(alt_get_fd.o)
                0x000000000400db60                alt_get_fd
 .text          0x000000000400dc54       0x9c H:/Real_Time/TP_bsp/\libucosii_bsp.a(alt_instruction_exception_entry.o)
                0x000000000400dc54                alt_exception_cause_generated_bad_addr
 .text          0x000000000400dcf0        0x0 c:/intelfpga_lite/18.1/nios2eds/bin/gnu/h-x86_64-mingw32/bin/../lib/gcc/nios2-elf/5.3.0/../../../../../H-x86_64-mingw32/nios2-elf/lib/mno-hw-mul\libc.a(lib_a-atexit.o)
 .text.atexit   0x000000000400dcf0       0x14 c:/intelfpga_lite/18.1/nios2eds/bin/gnu/h-x86_64-mingw32/bin/../lib/gcc/nios2-elf/5.3.0/../../../../../H-x86_64-mingw32/nios2-elf/lib/mno-hw-mul\libc.a(lib_a-atexit.o)
                0x000000000400dcf0                atexit
 .text          0x000000000400dd04        0x0 c:/intelfpga_lite/18.1/nios2eds/bin/gnu/h-x86_64-mingw32/bin/../lib/gcc/nios2-elf/5.3.0/../../../../../H-x86_64-mingw32/nios2-elf/lib/mno-hw-mul\libc.a(lib_a-exit.o)
 .text.exit     0x000000000400dd04       0x38 c:/intelfpga_lite/18.1/nios2eds/bin/gnu/h-x86_64-mingw32/bin/../lib/gcc/nios2-elf/5.3.0/../../../../../H-x86_64-mingw32/nios2-elf/lib/mno-hw-mul\libc.a(lib_a-exit.o)
                0x000000000400dd04                exit
 .text          0x000000000400dd3c        0x0 c:/intelfpga_lite/18.1/nios2eds/bin/gnu/h-x86_64-mingw32/bin/../lib/gcc/nios2-elf/5.3.0/../../../../../H-x86_64-mingw32/nios2-elf/lib/mno-hw-mul\libc.a(lib_a-memcmp.o)
 .text.memcmp   0x000000000400dd3c       0x7c c:/intelfpga_lite/18.1/nios2eds/bin/gnu/h-x86_64-mingw32/bin/../lib/gcc/nios2-elf/5.3.0/../../../../../H-x86_64-mingw32/nios2-elf/lib/mno-hw-mul\libc.a(lib_a-memcmp.o)
                0x000000000400dd3c                memcmp
 .text          0x000000000400ddb8        0x0 c:/intelfpga_lite/18.1/nios2eds/bin/gnu/h-x86_64-mingw32/bin/../lib/gcc/nios2-elf/5.3.0/../../../../../H-x86_64-mingw32/nios2-elf/lib/mno-hw-mul\libc.a(lib_a-__atexit.o)
 .text.__register_exitproc
                0x000000000400ddb8      0x118 c:/intelfpga_lite/18.1/nios2eds/bin/gnu/h-x86_64-mingw32/bin/../lib/gcc/nios2-elf/5.3.0/../../../../../H-x86_64-mingw32/nios2-elf/lib/mno-hw-mul\libc.a(lib_a-__atexit.o)
                0x000000000400ddb8                __register_exitproc
 .text          0x000000000400ded0        0x0 c:/intelfpga_lite/18.1/nios2eds/bin/gnu/h-x86_64-mingw32/bin/../lib/gcc/nios2-elf/5.3.0/../../../../../H-x86_64-mingw32/nios2-elf/lib/mno-hw-mul\libc.a(lib_a-__call_atexit.o)
 .text.__call_exitprocs
                0x000000000400ded0      0x180 c:/intelfpga_lite/18.1/nios2eds/bin/gnu/h-x86_64-mingw32/bin/../lib/gcc/nios2-elf/5.3.0/../../../../../H-x86_64-mingw32/nios2-elf/lib/mno-hw-mul\libc.a(lib_a-__call_atexit.o)
                0x000000000400ded0                __call_exitprocs
 .text          0x000000000400e050       0x34 H:/Real_Time/TP_bsp/\libucosii_bsp.a(alt_exit.o)
                0x000000000400e050                _exit
 *(.gnu.warning.*)
 *(.fini)
                [!provide]                        PROVIDE (__etext, ABSOLUTE (.))
                [!provide]                        PROVIDE (_etext, ABSOLUTE (.))
                [!provide]                        PROVIDE (etext, ABSOLUTE (.))
 *(.eh_frame_hdr)
                0x000000000400e084                . = ALIGN (0x4)
                [!provide]                        PROVIDE (__preinit_array_start, ABSOLUTE (.))
 *(.preinit_array)
                [!provide]                        PROVIDE (__preinit_array_end, ABSOLUTE (.))
                [!provide]                        PROVIDE (__init_array_start, ABSOLUTE (.))
 *(.init_array)
                [!provide]                        PROVIDE (__init_array_end, ABSOLUTE (.))
                [!provide]                        PROVIDE (__fini_array_start, ABSOLUTE (.))
 *(.fini_array)
                [!provide]                        PROVIDE (__fini_array_end, ABSOLUTE (.))
 *(.eh_frame)
 *(.gcc_except_table .gcc_except_table.*)
 *(.dynamic)
                0x000000000400e084                PROVIDE (__CTOR_LIST__, ABSOLUTE (.))
 *(.ctors)
 *(SORT(.ctors.*))
                0x000000000400e084                PROVIDE (__CTOR_END__, ABSOLUTE (.))
                0x000000000400e084                PROVIDE (__DTOR_LIST__, ABSOLUTE (.))
 *(.dtors)
 *(SORT(.dtors.*))
                0x000000000400e084                PROVIDE (__DTOR_END__, ABSOLUTE (.))
 *(.jcr)
                0x000000000400e084                . = ALIGN (0x4)

.rodata         0x000000000400e084      0x490
                0x000000000400e084                PROVIDE (__ram_rodata_start, ABSOLUTE (.))
                0x000000000400e084                . = ALIGN (0x4)
 *(.rodata .rodata.* .gnu.linkonce.r.*)
 .rodata        0x000000000400e084      0x30b obj/default/hello_ucosii.o
 *fill*         0x000000000400e38f        0x1 
 .rodata.str1.4
                0x000000000400e390        0x2 c:/intelfpga_lite/18.1/nios2eds/bin/gnu/h-x86_64-mingw32/bin/../lib/gcc/nios2-elf/5.3.0/../../../../../H-x86_64-mingw32/nios2-elf/lib/mno-hw-mul\libc.a(lib_a-puts.o)
 *fill*         0x000000000400e392        0x2 
 .rodata.str1.4
                0x000000000400e394        0x4 c:/intelfpga_lite/18.1/nios2eds/bin/gnu/h-x86_64-mingw32/bin/../lib/gcc/nios2-elf/5.3.0/../../../../../H-x86_64-mingw32/nios2-elf/lib/mno-hw-mul\libc.a(lib_a-impure.o)
                                          0x2 (size before relaxing)
 .rodata        0x000000000400e398        0xa H:/Real_Time/TP_bsp/\libucosii_bsp.a(alt_dev.o)
 *fill*         0x000000000400e3a2        0x2 
 .rodata        0x000000000400e3a4       0x11 H:/Real_Time/TP_bsp/\libucosii_bsp.a(alt_main.o)
 *fill*         0x000000000400e3b5        0x3 
 .rodata        0x000000000400e3b8      0x11e H:/Real_Time/TP_bsp/\libucosii_bsp.a(os_core.o)
                0x000000000400e3b8                OSUnMapTbl
 *fill*         0x000000000400e4d6        0x2 
 .rodata        0x000000000400e4d8       0x35 H:/Real_Time/TP_bsp/\libucosii_bsp.a(alt_sys_init.o)
 *fill*         0x000000000400e50d        0x3 
 .rodata        0x000000000400e510        0x2 H:/Real_Time/TP_bsp/\libucosii_bsp.a(os_cpu_c.o)
 *(.rodata1)
                0x000000000400e514                . = ALIGN (0x4)
 *fill*         0x000000000400e512        0x2 
                0x000000000400e514                PROVIDE (__ram_rodata_end, ABSOLUTE (.))
                0x000000000400e084                PROVIDE (__flash_rodata_start, LOADADDR (.rodata))

.rwdata         0x000000000400e514     0x1b38 load address 0x000000000401004c
                0x000000000400e514                PROVIDE (__ram_rwdata_start, ABSOLUTE (.))
                0x000000000400e514                . = ALIGN (0x4)
 *(.got.plt)
 *(.got)
 *(.data1)
 *(.data .data.* .gnu.linkonce.d.*)
 .data          0x000000000400e514        0x0 H:/Real_Time/TP_bsp//obj/HAL/src/crt0.o
 .data          0x000000000400e514        0x0 obj/default/hello_ucosii.o
 .data          0x000000000400e514        0x0 c:/intelfpga_lite/18.1/nios2eds/bin/gnu/h-x86_64-mingw32/bin/../lib/gcc/nios2-elf/5.3.0/../../../../../H-x86_64-mingw32/nios2-elf/lib/mno-hw-mul\libc.a(lib_a-puts.o)
 .data          0x000000000400e514        0x0 c:/intelfpga_lite/18.1/nios2eds/bin/gnu/h-x86_64-mingw32/bin/../lib/gcc/nios2-elf/5.3.0/../../../../../H-x86_64-mingw32/nios2-elf/lib/mno-hw-mul\libc.a(lib_a-strlen.o)
 .data          0x000000000400e514        0x0 c:/intelfpga_lite/18.1/nios2eds/bin/gnu/h-x86_64-mingw32/bin/../lib/gcc/nios2-elf/5.3.0/../../../../../H-x86_64-mingw32/nios2-elf/lib/mno-hw-mul\libc.a(lib_a-findfp.o)
 .data          0x000000000400e514        0x0 c:/intelfpga_lite/18.1/nios2eds/bin/gnu/h-x86_64-mingw32/bin/../lib/gcc/nios2-elf/5.3.0/../../../../../H-x86_64-mingw32/nios2-elf/lib/mno-hw-mul\libc.a(lib_a-fvwrite.o)
 .data          0x000000000400e514        0x0 c:/intelfpga_lite/18.1/nios2eds/bin/gnu/h-x86_64-mingw32/bin/../lib/gcc/nios2-elf/5.3.0/../../../../../H-x86_64-mingw32/nios2-elf/lib/mno-hw-mul\libc.a(lib_a-fwalk.o)
 .data          0x000000000400e514        0x0 c:/intelfpga_lite/18.1/nios2eds/bin/gnu/h-x86_64-mingw32/bin/../lib/gcc/nios2-elf/5.3.0/../../../../../H-x86_64-mingw32/nios2-elf/lib/mno-hw-mul\libc.a(lib_a-impure.o)
 .data.impure_data
                0x000000000400e514      0x424 c:/intelfpga_lite/18.1/nios2eds/bin/gnu/h-x86_64-mingw32/bin/../lib/gcc/nios2-elf/5.3.0/../../../../../H-x86_64-mingw32/nios2-elf/lib/mno-hw-mul\libc.a(lib_a-impure.o)
 .data          0x000000000400e938        0x0 c:/intelfpga_lite/18.1/nios2eds/bin/gnu/h-x86_64-mingw32/bin/../lib/gcc/nios2-elf/5.3.0/../../../../../H-x86_64-mingw32/nios2-elf/lib/mno-hw-mul\libc.a(lib_a-mallocr.o)
 .data.__malloc_av_
                0x000000000400e938      0x408 c:/intelfpga_lite/18.1/nios2eds/bin/gnu/h-x86_64-mingw32/bin/../lib/gcc/nios2-elf/5.3.0/../../../../../H-x86_64-mingw32/nios2-elf/lib/mno-hw-mul\libc.a(lib_a-mallocr.o)
                0x000000000400e938                __malloc_av_
 .data          0x000000000400ed40        0x0 c:/intelfpga_lite/18.1/nios2eds/bin/gnu/h-x86_64-mingw32/bin/../lib/gcc/nios2-elf/5.3.0/../../../../../H-x86_64-mingw32/nios2-elf/lib/mno-hw-mul\libc.a(lib_a-memchr.o)
 .data          0x000000000400ed40        0x0 c:/intelfpga_lite/18.1/nios2eds/bin/gnu/h-x86_64-mingw32/bin/../lib/gcc/nios2-elf/5.3.0/../../../../../H-x86_64-mingw32/nios2-elf/lib/mno-hw-mul\libc.a(lib_a-memcpy.o)
 .data          0x000000000400ed40        0x0 c:/intelfpga_lite/18.1/nios2eds/bin/gnu/h-x86_64-mingw32/bin/../lib/gcc/nios2-elf/5.3.0/../../../../../H-x86_64-mingw32/nios2-elf/lib/mno-hw-mul\libc.a(lib_a-memmove.o)
 .data          0x000000000400ed40        0x0 c:/intelfpga_lite/18.1/nios2eds/bin/gnu/h-x86_64-mingw32/bin/../lib/gcc/nios2-elf/5.3.0/../../../../../H-x86_64-mingw32/nios2-elf/lib/mno-hw-mul\libc.a(lib_a-memset.o)
 .data          0x000000000400ed40        0x0 c:/intelfpga_lite/18.1/nios2eds/bin/gnu/h-x86_64-mingw32/bin/../lib/gcc/nios2-elf/5.3.0/../../../../../H-x86_64-mingw32/nios2-elf/lib/mno-hw-mul\libc.a(lib_a-reallocr.o)
 .data          0x000000000400ed40        0x0 c:/intelfpga_lite/18.1/nios2eds/bin/gnu/h-x86_64-mingw32/bin/../lib/gcc/nios2-elf/5.3.0/../../../../../H-x86_64-mingw32/nios2-elf/lib/mno-hw-mul\libc.a(lib_a-sbrkr.o)
 .data          0x000000000400ed40        0x0 c:/intelfpga_lite/18.1/nios2eds/bin/gnu/h-x86_64-mingw32/bin/../lib/gcc/nios2-elf/5.3.0/../../../../../H-x86_64-mingw32/nios2-elf/lib/mno-hw-mul\libc.a(lib_a-stdio.o)
 .data          0x000000000400ed40        0x0 c:/intelfpga_lite/18.1/nios2eds/bin/gnu/h-x86_64-mingw32/bin/../lib/gcc/nios2-elf/5.3.0/../../../../../H-x86_64-mingw32/nios2-elf/lib/mno-hw-mul\libc.a(lib_a-writer.o)
 .data          0x000000000400ed40        0x0 c:/intelfpga_lite/18.1/nios2eds/bin/gnu/h-x86_64-mingw32/bin/../lib/gcc/nios2-elf/5.3.0/../../../../../H-x86_64-mingw32/nios2-elf/lib/mno-hw-mul\libc.a(lib_a-wsetup.o)
 .data          0x000000000400ed40        0x0 c:/intelfpga_lite/18.1/nios2eds/bin/gnu/h-x86_64-mingw32/bin/../lib/gcc/nios2-elf/5.3.0/../../../../../H-x86_64-mingw32/nios2-elf/lib/mno-hw-mul\libc.a(closer.o)
 .data          0x000000000400ed40        0x0 c:/intelfpga_lite/18.1/nios2eds/bin/gnu/h-x86_64-mingw32/bin/../lib/gcc/nios2-elf/5.3.0/../../../../../H-x86_64-mingw32/nios2-elf/lib/mno-hw-mul\libc.a(lib_a-fclose.o)
 .data          0x000000000400ed40        0x0 c:/intelfpga_lite/18.1/nios2eds/bin/gnu/h-x86_64-mingw32/bin/../lib/gcc/nios2-elf/5.3.0/../../../../../H-x86_64-mingw32/nios2-elf/lib/mno-hw-mul\libc.a(lib_a-fflush.o)
 .data          0x000000000400ed40        0x0 c:/intelfpga_lite/18.1/nios2eds/bin/gnu/h-x86_64-mingw32/bin/../lib/gcc/nios2-elf/5.3.0/../../../../../H-x86_64-mingw32/nios2-elf/lib/mno-hw-mul\libc.a(lib_a-freer.o)
 .data          0x000000000400ed40        0x0 c:/intelfpga_lite/18.1/nios2eds/bin/gnu/h-x86_64-mingw32/bin/../lib/gcc/nios2-elf/5.3.0/../../../../../H-x86_64-mingw32/nios2-elf/lib/mno-hw-mul\libc.a(lib_a-int_errno.o)
 .data          0x000000000400ed40        0x0 c:/intelfpga_lite/18.1/nios2eds/bin/gnu/h-x86_64-mingw32/bin/../lib/gcc/nios2-elf/5.3.0/../../../../../H-x86_64-mingw32/nios2-elf/lib/mno-hw-mul\libc.a(lib_a-lseekr.o)
 .data          0x000000000400ed40        0x0 c:/intelfpga_lite/18.1/nios2eds/bin/gnu/h-x86_64-mingw32/bin/../lib/gcc/nios2-elf/5.3.0/../../../../../H-x86_64-mingw32/nios2-elf/lib/mno-hw-mul\libc.a(lib_a-makebuf.o)
 .data          0x000000000400ed40        0x0 c:/intelfpga_lite/18.1/nios2eds/bin/gnu/h-x86_64-mingw32/bin/../lib/gcc/nios2-elf/5.3.0/../../../../../H-x86_64-mingw32/nios2-elf/lib/mno-hw-mul\libc.a(lib_a-readr.o)
 .data          0x000000000400ed40        0x0 c:/intelfpga_lite/18.1/nios2eds/bin/gnu/h-x86_64-mingw32/bin/../lib/gcc/nios2-elf/5.3.0/../../../../../H-x86_64-mingw32/nios2-elf/lib/mno-hw-mul\libc.a(lib_a-fstatr.o)
 .data          0x000000000400ed40        0x0 c:/intelfpga_lite/18.1/nios2eds/bin/gnu/h-x86_64-mingw32/bin/../lib/gcc/nios2-elf/5.3.0/../../../../../H-x86_64-mingw32/nios2-elf/lib/mno-hw-mul\libc.a(lib_a-isattyr.o)
 .data          0x000000000400ed40        0x0 c:/intelfpga_lite/18.1/nios2eds/bin/gnu/h-x86_64-mingw32/bin/../lib/gcc/nios2-elf/5.3.0/mno-hw-mul\libgcc.a(lib2-divmod.o)
 .data          0x000000000400ed40        0x0 c:/intelfpga_lite/18.1/nios2eds/bin/gnu/h-x86_64-mingw32/bin/../lib/gcc/nios2-elf/5.3.0/mno-hw-mul\libgcc.a(lib2-mul.o)
 .data          0x000000000400ed40        0x0 H:/Real_Time/TP_bsp/\libucosii_bsp.a(alt_close.o)
 .data          0x000000000400ed40      0x1a8 H:/Real_Time/TP_bsp/\libucosii_bsp.a(alt_dev.o)
                0x000000000400ed40                alt_dev_null
                0x000000000400ed68                alt_fd_list
 .data          0x000000000400eee8        0x0 H:/Real_Time/TP_bsp/\libucosii_bsp.a(alt_errno.o)
 .data          0x000000000400eee8        0x0 H:/Real_Time/TP_bsp/\libucosii_bsp.a(alt_fstat.o)
 .data          0x000000000400eee8        0x0 H:/Real_Time/TP_bsp/\libucosii_bsp.a(alt_isatty.o)
 .data          0x000000000400eee8        0x0 H:/Real_Time/TP_bsp/\libucosii_bsp.a(alt_load.o)
 .data          0x000000000400eee8        0x0 H:/Real_Time/TP_bsp/\libucosii_bsp.a(alt_lseek.o)
 .data          0x000000000400eee8        0x0 H:/Real_Time/TP_bsp/\libucosii_bsp.a(alt_main.o)
 .data          0x000000000400eee8        0x0 H:/Real_Time/TP_bsp/\libucosii_bsp.a(alt_read.o)
 .data          0x000000000400eee8        0x0 H:/Real_Time/TP_bsp/\libucosii_bsp.a(alt_release_fd.o)
 .data          0x000000000400eee8        0x0 H:/Real_Time/TP_bsp/\libucosii_bsp.a(alt_sbrk.o)
 .data          0x000000000400eee8        0x0 H:/Real_Time/TP_bsp/\libucosii_bsp.a(alt_write.o)
 .data          0x000000000400eee8        0x0 H:/Real_Time/TP_bsp/\libucosii_bsp.a(alt_env_lock.o)
 .data          0x000000000400eee8        0x0 H:/Real_Time/TP_bsp/\libucosii_bsp.a(alt_malloc_lock.o)
 .data          0x000000000400eee8        0x0 H:/Real_Time/TP_bsp/\libucosii_bsp.a(os_core.o)
 .data          0x000000000400eee8        0x0 H:/Real_Time/TP_bsp/\libucosii_bsp.a(os_dbg.o)
 .data          0x000000000400eee8        0x0 H:/Real_Time/TP_bsp/\libucosii_bsp.a(os_flag.o)
 .data          0x000000000400eee8        0x0 H:/Real_Time/TP_bsp/\libucosii_bsp.a(os_mem.o)
 .data          0x000000000400eee8        0x0 H:/Real_Time/TP_bsp/\libucosii_bsp.a(os_q.o)
 .data          0x000000000400eee8        0x0 H:/Real_Time/TP_bsp/\libucosii_bsp.a(os_sem.o)
 .data          0x000000000400eee8        0x0 H:/Real_Time/TP_bsp/\libucosii_bsp.a(os_task.o)
 .data          0x000000000400eee8        0x0 H:/Real_Time/TP_bsp/\libucosii_bsp.a(os_time.o)
 .data          0x000000000400eee8     0x10a8 H:/Real_Time/TP_bsp/\libucosii_bsp.a(alt_sys_init.o)
 .data          0x000000000400ff90        0x0 H:/Real_Time/TP_bsp/\libucosii_bsp.a(altera_avalon_jtag_uart_fd.o)
 .data          0x000000000400ff90        0x0 H:/Real_Time/TP_bsp/\libucosii_bsp.a(altera_avalon_jtag_uart_init.o)
 .data          0x000000000400ff90        0x0 H:/Real_Time/TP_bsp/\libucosii_bsp.a(altera_avalon_jtag_uart_ioctl.o)
 .data          0x000000000400ff90        0x0 H:/Real_Time/TP_bsp/\libucosii_bsp.a(altera_avalon_jtag_uart_read.o)
 .data          0x000000000400ff90        0x0 H:/Real_Time/TP_bsp/\libucosii_bsp.a(altera_avalon_jtag_uart_write.o)
 .data          0x000000000400ff90        0x0 H:/Real_Time/TP_bsp/\libucosii_bsp.a(altera_avalon_timer_sc.o)
 .data          0x000000000400ff90        0x0 H:/Real_Time/TP_bsp/\libucosii_bsp.a(altera_modular_adc.o)
 .data          0x000000000400ff90        0x0 H:/Real_Time/TP_bsp/\libucosii_bsp.a(alt_alarm_start.o)
 .data          0x000000000400ff90        0x0 H:/Real_Time/TP_bsp/\libucosii_bsp.a(alt_dcache_flush_all.o)
 .data          0x000000000400ff90        0x0 H:/Real_Time/TP_bsp/\libucosii_bsp.a(alt_dev_llist_insert.o)
 .data          0x000000000400ff90        0x0 H:/Real_Time/TP_bsp/\libucosii_bsp.a(alt_do_ctors.o)
 .data          0x000000000400ff90        0x0 H:/Real_Time/TP_bsp/\libucosii_bsp.a(alt_do_dtors.o)
 .data          0x000000000400ff90        0x0 H:/Real_Time/TP_bsp/\libucosii_bsp.a(alt_find_dev.o)
 .data          0x000000000400ff90        0x0 H:/Real_Time/TP_bsp/\libucosii_bsp.a(alt_icache_flush_all.o)
 .data          0x000000000400ff90        0x0 H:/Real_Time/TP_bsp/\libucosii_bsp.a(alt_iic.o)
 .data          0x000000000400ff90        0x0 H:/Real_Time/TP_bsp/\libucosii_bsp.a(alt_iic_isr_register.o)
 .data          0x000000000400ff90        0x0 H:/Real_Time/TP_bsp/\libucosii_bsp.a(alt_io_redirect.o)
 .data          0x000000000400ff90        0x0 H:/Real_Time/TP_bsp/\libucosii_bsp.a(alt_irq_entry.o)
 .data          0x000000000400ff90        0x0 H:/Real_Time/TP_bsp/\libucosii_bsp.a(alt_irq_handler.o)
 .data          0x000000000400ff90        0x0 H:/Real_Time/TP_bsp/\libucosii_bsp.a(alt_irq_vars.o)
 .data          0x000000000400ff90        0x0 H:/Real_Time/TP_bsp/\libucosii_bsp.a(alt_open.o)
 .data          0x000000000400ff90        0x0 H:/Real_Time/TP_bsp/\libucosii_bsp.a(alt_tick.o)
 .data          0x000000000400ff90        0x0 H:/Real_Time/TP_bsp/\libucosii_bsp.a(altera_nios2_gen2_irq.o)
 .data          0x000000000400ff90        0x0 H:/Real_Time/TP_bsp/\libucosii_bsp.a(os_cpu_a.o)
 .data          0x000000000400ff90        0x0 H:/Real_Time/TP_bsp/\libucosii_bsp.a(os_cpu_c.o)
 .data          0x000000000400ff90        0x0 H:/Real_Time/TP_bsp/\libucosii_bsp.a(alt_exception_entry.o)
 .data          0x000000000400ff90        0x0 H:/Real_Time/TP_bsp/\libucosii_bsp.a(alt_find_file.o)
 .data          0x000000000400ff90        0x0 H:/Real_Time/TP_bsp/\libucosii_bsp.a(alt_get_fd.o)
 .data          0x000000000400ff90        0x0 H:/Real_Time/TP_bsp/\libucosii_bsp.a(alt_instruction_exception_entry.o)
 .data          0x000000000400ff90        0x0 c:/intelfpga_lite/18.1/nios2eds/bin/gnu/h-x86_64-mingw32/bin/../lib/gcc/nios2-elf/5.3.0/../../../../../H-x86_64-mingw32/nios2-elf/lib/mno-hw-mul\libc.a(lib_a-atexit.o)
 .data          0x000000000400ff90        0x0 c:/intelfpga_lite/18.1/nios2eds/bin/gnu/h-x86_64-mingw32/bin/../lib/gcc/nios2-elf/5.3.0/../../../../../H-x86_64-mingw32/nios2-elf/lib/mno-hw-mul\libc.a(lib_a-exit.o)
 .data          0x000000000400ff90        0x0 c:/intelfpga_lite/18.1/nios2eds/bin/gnu/h-x86_64-mingw32/bin/../lib/gcc/nios2-elf/5.3.0/../../../../../H-x86_64-mingw32/nios2-elf/lib/mno-hw-mul\libc.a(lib_a-memcmp.o)
 .data          0x000000000400ff90        0x0 c:/intelfpga_lite/18.1/nios2eds/bin/gnu/h-x86_64-mingw32/bin/../lib/gcc/nios2-elf/5.3.0/../../../../../H-x86_64-mingw32/nios2-elf/lib/mno-hw-mul\libc.a(lib_a-__atexit.o)
 .data          0x000000000400ff90        0x0 c:/intelfpga_lite/18.1/nios2eds/bin/gnu/h-x86_64-mingw32/bin/../lib/gcc/nios2-elf/5.3.0/../../../../../H-x86_64-mingw32/nios2-elf/lib/mno-hw-mul\libc.a(lib_a-__call_atexit.o)
 .data          0x000000000400ff90        0x0 H:/Real_Time/TP_bsp/\libucosii_bsp.a(alt_exit.o)
                0x0000000004017f90                _gp = ABSOLUTE ((. + 0x8000))
                [!provide]                        PROVIDE (gp, _gp)
 *(.rwdata .rwdata.*)
 *(.sdata .sdata.* .gnu.linkonce.s.*)
 .sdata._global_impure_ptr
                0x000000000400ff90        0x4 c:/intelfpga_lite/18.1/nios2eds/bin/gnu/h-x86_64-mingw32/bin/../lib/gcc/nios2-elf/5.3.0/../../../../../H-x86_64-mingw32/nios2-elf/lib/mno-hw-mul\libc.a(lib_a-impure.o)
                0x000000000400ff90                _global_impure_ptr
 .sdata._impure_ptr
                0x000000000400ff94        0x4 c:/intelfpga_lite/18.1/nios2eds/bin/gnu/h-x86_64-mingw32/bin/../lib/gcc/nios2-elf/5.3.0/../../../../../H-x86_64-mingw32/nios2-elf/lib/mno-hw-mul\libc.a(lib_a-impure.o)
                0x000000000400ff94                _impure_ptr
 .sdata.__malloc_sbrk_base
                0x000000000400ff98        0x4 c:/intelfpga_lite/18.1/nios2eds/bin/gnu/h-x86_64-mingw32/bin/../lib/gcc/nios2-elf/5.3.0/../../../../../H-x86_64-mingw32/nios2-elf/lib/mno-hw-mul\libc.a(lib_a-mallocr.o)
                0x000000000400ff98                __malloc_sbrk_base
 .sdata.__malloc_trim_threshold
                0x000000000400ff9c        0x4 c:/intelfpga_lite/18.1/nios2eds/bin/gnu/h-x86_64-mingw32/bin/../lib/gcc/nios2-elf/5.3.0/../../../../../H-x86_64-mingw32/nios2-elf/lib/mno-hw-mul\libc.a(lib_a-mallocr.o)
                0x000000000400ff9c                __malloc_trim_threshold
 .sdata         0x000000000400ffa0       0x14 H:/Real_Time/TP_bsp/\libucosii_bsp.a(alt_dev.o)
                0x000000000400ffa0                alt_fs_list
                0x000000000400ffa8                alt_dev_list
                0x000000000400ffb0                alt_max_fd
 .sdata         0x000000000400ffb4        0x4 H:/Real_Time/TP_bsp/\libucosii_bsp.a(alt_errno.o)
                0x000000000400ffb4                alt_errno
 .sdata         0x000000000400ffb8        0x4 H:/Real_Time/TP_bsp/\libucosii_bsp.a(alt_sbrk.o)
 .sdata         0x000000000400ffbc        0x4 H:/Real_Time/TP_bsp/\libucosii_bsp.a(alt_env_lock.o)
 .sdata         0x000000000400ffc0        0x4 H:/Real_Time/TP_bsp/\libucosii_bsp.a(alt_malloc_lock.o)
 .sdata         0x000000000400ffc4       0x72 H:/Real_Time/TP_bsp/\libucosii_bsp.a(os_dbg.o)
                0x000000000400ffc4                OSDebugEn
                0x000000000400ffc8                OSEndiannessTest
                0x000000000400ffcc                OSEventEn
                0x000000000400ffce                OSEventMax
                0x000000000400ffd0                OSEventNameSize
                0x000000000400ffd2                OSEventSize
                0x000000000400ffd4                OSEventTblSize
                0x000000000400ffd6                OSEventMultiEn
                0x000000000400ffd8                OSFlagEn
                0x000000000400ffda                OSFlagGrpSize
                0x000000000400ffdc                OSFlagNodeSize
                0x000000000400ffde                OSFlagWidth
                0x000000000400ffe0                OSFlagMax
                0x000000000400ffe2                OSFlagNameSize
                0x000000000400ffe4                OSLowestPrio
                0x000000000400ffe6                OSMboxEn
                0x000000000400ffe8                OSMemEn
                0x000000000400ffea                OSMemMax
                0x000000000400ffec                OSMemNameSize
                0x000000000400ffee                OSMemSize
                0x000000000400fff0                OSMemTblSize
                0x000000000400fff2                OSMutexEn
                0x000000000400fff4                OSPtrSize
                0x000000000400fff6                OSQEn
                0x000000000400fff8                OSQMax
                0x000000000400fffa                OSQSize
                0x000000000400fffc                OSRdyTblSize
                0x000000000400fffe                OSSemEn
                0x0000000004010000                OSStkWidth
                0x0000000004010002                OSTaskCreateEn
                0x0000000004010004                OSTaskCreateExtEn
                0x0000000004010006                OSTaskDelEn
                0x0000000004010008                OSTaskIdleStkSize
                0x000000000401000a                OSTaskProfileEn
                0x000000000401000c                OSTaskMax
                0x000000000401000e                OSTaskNameSize
                0x0000000004010010                OSTaskStatEn
                0x0000000004010012                OSTaskStatStkSize
                0x0000000004010014                OSTaskStatStkChkEn
                0x0000000004010016                OSTaskSwHookEn
                0x0000000004010018                OSTCBPrioTblMax
                0x000000000401001a                OSTCBSize
                0x000000000401001c                OSTicksPerSec
                0x000000000401001e                OSTimeTickHookEn
                0x0000000004010020                OSVersionNbr
                0x0000000004010022                OSTmrEn
                0x0000000004010024                OSTmrCfgMax
                0x0000000004010026                OSTmrCfgNameSize
                0x0000000004010028                OSTmrCfgWheelSize
                0x000000000401002a                OSTmrCfgTicksPerSec
                0x000000000401002c                OSTmrSize
                0x000000000401002e                OSTmrTblSize
                0x0000000004010030                OSTmrWheelSize
                0x0000000004010032                OSTmrWheelTblSize
                0x0000000004010034                OSDataSize
 *fill*         0x0000000004010036        0x2 
 .sdata         0x0000000004010038        0x8 H:/Real_Time/TP_bsp/\libucosii_bsp.a(altera_modular_adc.o)
                0x0000000004010038                altera_modular_adc_list
 .sdata         0x0000000004010040        0x4 H:/Real_Time/TP_bsp/\libucosii_bsp.a(alt_irq_vars.o)
                0x0000000004010040                alt_priority_mask
 .sdata         0x0000000004010044        0x8 H:/Real_Time/TP_bsp/\libucosii_bsp.a(alt_tick.o)
                0x0000000004010044                alt_alarm_list
 *(.sdata2 .sdata2.* .gnu.linkonce.s2.*)
                0x000000000401004c                . = ALIGN (0x4)
                0x000000000401004c                _edata = ABSOLUTE (.)
                [!provide]                        PROVIDE (edata, ABSOLUTE (.))
                0x000000000401004c                PROVIDE (__ram_rwdata_end, ABSOLUTE (.))
                0x000000000401004c                PROVIDE (__flash_rwdata_start, LOADADDR (.rwdata))

.bss            0x0000000004011b84     0x73dc
                0x0000000004011b84                __bss_start = ABSOLUTE (.)
                [!provide]                        PROVIDE (__sbss_start, ABSOLUTE (.))
                [!provide]                        PROVIDE (___sbss_start, ABSOLUTE (.))
 *(.dynsbss)
 *(.sbss .sbss.* .gnu.linkonce.sb.*)
 .sbss.__malloc_max_total_mem
                0x0000000004011b84        0x4 c:/intelfpga_lite/18.1/nios2eds/bin/gnu/h-x86_64-mingw32/bin/../lib/gcc/nios2-elf/5.3.0/../../../../../H-x86_64-mingw32/nios2-elf/lib/mno-hw-mul\libc.a(lib_a-mallocr.o)
                0x0000000004011b84                __malloc_max_total_mem
 .sbss.__malloc_max_sbrked_mem
                0x0000000004011b88        0x4 c:/intelfpga_lite/18.1/nios2eds/bin/gnu/h-x86_64-mingw32/bin/../lib/gcc/nios2-elf/5.3.0/../../../../../H-x86_64-mingw32/nios2-elf/lib/mno-hw-mul\libc.a(lib_a-mallocr.o)
                0x0000000004011b88                __malloc_max_sbrked_mem
 .sbss.__malloc_top_pad
                0x0000000004011b8c        0x4 c:/intelfpga_lite/18.1/nios2eds/bin/gnu/h-x86_64-mingw32/bin/../lib/gcc/nios2-elf/5.3.0/../../../../../H-x86_64-mingw32/nios2-elf/lib/mno-hw-mul\libc.a(lib_a-mallocr.o)
                0x0000000004011b8c                __malloc_top_pad
 .sbss          0x0000000004011b90        0x4 c:/intelfpga_lite/18.1/nios2eds/bin/gnu/h-x86_64-mingw32/bin/../lib/gcc/nios2-elf/5.3.0/../../../../../H-x86_64-mingw32/nios2-elf/lib/mno-hw-mul\libc.a(lib_a-int_errno.o)
                0x0000000004011b90                errno
 .sbss          0x0000000004011b94        0x4 H:/Real_Time/TP_bsp/\libucosii_bsp.a(alt_dev.o)
                0x0000000004011b94                alt_fd_list_lock
 .sbss          0x0000000004011b98        0xc H:/Real_Time/TP_bsp/\libucosii_bsp.a(alt_main.o)
                0x0000000004011b98                alt_argc
                0x0000000004011b9c                alt_argv
                0x0000000004011ba0                alt_envp
 .sbss          0x0000000004011ba4        0x8 H:/Real_Time/TP_bsp/\libucosii_bsp.a(alt_env_lock.o)
                0x0000000004011ba8                alt_envsem
 .sbss          0x0000000004011bac        0x8 H:/Real_Time/TP_bsp/\libucosii_bsp.a(alt_malloc_lock.o)
                0x0000000004011bb0                alt_heapsem
 .sbss          0x0000000004011bb4       0x50 H:/Real_Time/TP_bsp/\libucosii_bsp.a(os_core.o)
                0x0000000004011bb4                OSLockNesting
                0x0000000004011bb5                OSRunning
                0x0000000004011bb8                OSIdleCtr
                0x0000000004011bbc                OSPrioHighRdy
                0x0000000004011bbd                OSPrioCur
                0x0000000004011bc0                OSTCBList
                0x0000000004011bc4                OSTickStepState
                0x0000000004011bc8                OSCtxSwCtr
                0x0000000004011bcc                OSIdleCtrMax
                0x0000000004011bd0                OSTCBFreeList
                0x0000000004011bd4                OSCPUUsage
                0x0000000004011bd5                OSTaskCtr
                0x0000000004011bd8                OSMemFreeList
                0x0000000004011bdc                OSTCBHighRdy
                0x0000000004011be0                OSQFreeList
                0x0000000004011be4                OSRdyGrp
                0x0000000004011be5                OSRdyTbl
                0x0000000004011be8                OSEventFreeList
                0x0000000004011bec                OSIntNesting
                0x0000000004011bf0                OSTCBCur
                0x0000000004011bf4                OSTime
                0x0000000004011bf8                OSFlagFreeList
                0x0000000004011bfc                OSStatRdy
                0x0000000004011c00                OSIdleCtrRun
 .sbss          0x0000000004011c04        0x4 H:/Real_Time/TP_bsp/\libucosii_bsp.a(alt_irq_vars.o)
                0x0000000004011c04                alt_irq_active
 .sbss          0x0000000004011c08        0x8 H:/Real_Time/TP_bsp/\libucosii_bsp.a(alt_tick.o)
                0x0000000004011c08                _alt_tick_rate
                0x0000000004011c0c                _alt_nticks
 .sbss          0x0000000004011c10        0x4 H:/Real_Time/TP_bsp/\libucosii_bsp.a(alt_instruction_exception_entry.o)
                0x0000000004011c10                alt_instruction_exception_handler
 *(.sbss2 .sbss2.* .gnu.linkonce.sb2.*)
 *(.scommon)
                [!provide]                        PROVIDE (__sbss_end, ABSOLUTE (.))
                [!provide]                        PROVIDE (___sbss_end, ABSOLUTE (.))
 *(.dynbss)
 *(.bss .bss.* .gnu.linkonce.b.*)
 .bss           0x0000000004011c14        0x0 H:/Real_Time/TP_bsp//obj/HAL/src/crt0.o
 .bss           0x0000000004011c14        0x0 obj/default/hello_ucosii.o
 .bss           0x0000000004011c14        0x0 c:/intelfpga_lite/18.1/nios2eds/bin/gnu/h-x86_64-mingw32/bin/../lib/gcc/nios2-elf/5.3.0/../../../../../H-x86_64-mingw32/nios2-elf/lib/mno-hw-mul\libc.a(lib_a-puts.o)
 .bss           0x0000000004011c14        0x0 c:/intelfpga_lite/18.1/nios2eds/bin/gnu/h-x86_64-mingw32/bin/../lib/gcc/nios2-elf/5.3.0/../../../../../H-x86_64-mingw32/nios2-elf/lib/mno-hw-mul\libc.a(lib_a-strlen.o)
 .bss           0x0000000004011c14        0x0 c:/intelfpga_lite/18.1/nios2eds/bin/gnu/h-x86_64-mingw32/bin/../lib/gcc/nios2-elf/5.3.0/../../../../../H-x86_64-mingw32/nios2-elf/lib/mno-hw-mul\libc.a(lib_a-findfp.o)
 .bss           0x0000000004011c14        0x0 c:/intelfpga_lite/18.1/nios2eds/bin/gnu/h-x86_64-mingw32/bin/../lib/gcc/nios2-elf/5.3.0/../../../../../H-x86_64-mingw32/nios2-elf/lib/mno-hw-mul\libc.a(lib_a-fvwrite.o)
 .bss           0x0000000004011c14        0x0 c:/intelfpga_lite/18.1/nios2eds/bin/gnu/h-x86_64-mingw32/bin/../lib/gcc/nios2-elf/5.3.0/../../../../../H-x86_64-mingw32/nios2-elf/lib/mno-hw-mul\libc.a(lib_a-fwalk.o)
 .bss           0x0000000004011c14        0x0 c:/intelfpga_lite/18.1/nios2eds/bin/gnu/h-x86_64-mingw32/bin/../lib/gcc/nios2-elf/5.3.0/../../../../../H-x86_64-mingw32/nios2-elf/lib/mno-hw-mul\libc.a(lib_a-impure.o)
 .bss           0x0000000004011c14        0x0 c:/intelfpga_lite/18.1/nios2eds/bin/gnu/h-x86_64-mingw32/bin/../lib/gcc/nios2-elf/5.3.0/../../../../../H-x86_64-mingw32/nios2-elf/lib/mno-hw-mul\libc.a(lib_a-mallocr.o)
 .bss.__malloc_current_mallinfo
                0x0000000004011c14       0x28 c:/intelfpga_lite/18.1/nios2eds/bin/gnu/h-x86_64-mingw32/bin/../lib/gcc/nios2-elf/5.3.0/../../../../../H-x86_64-mingw32/nios2-elf/lib/mno-hw-mul\libc.a(lib_a-mallocr.o)
                0x0000000004011c14                __malloc_current_mallinfo
 .bss           0x0000000004011c3c        0x0 c:/intelfpga_lite/18.1/nios2eds/bin/gnu/h-x86_64-mingw32/bin/../lib/gcc/nios2-elf/5.3.0/../../../../../H-x86_64-mingw32/nios2-elf/lib/mno-hw-mul\libc.a(lib_a-memchr.o)
 .bss           0x0000000004011c3c        0x0 c:/intelfpga_lite/18.1/nios2eds/bin/gnu/h-x86_64-mingw32/bin/../lib/gcc/nios2-elf/5.3.0/../../../../../H-x86_64-mingw32/nios2-elf/lib/mno-hw-mul\libc.a(lib_a-memcpy.o)
 .bss           0x0000000004011c3c        0x0 c:/intelfpga_lite/18.1/nios2eds/bin/gnu/h-x86_64-mingw32/bin/../lib/gcc/nios2-elf/5.3.0/../../../../../H-x86_64-mingw32/nios2-elf/lib/mno-hw-mul\libc.a(lib_a-memmove.o)
 .bss           0x0000000004011c3c        0x0 c:/intelfpga_lite/18.1/nios2eds/bin/gnu/h-x86_64-mingw32/bin/../lib/gcc/nios2-elf/5.3.0/../../../../../H-x86_64-mingw32/nios2-elf/lib/mno-hw-mul\libc.a(lib_a-memset.o)
 .bss           0x0000000004011c3c        0x0 c:/intelfpga_lite/18.1/nios2eds/bin/gnu/h-x86_64-mingw32/bin/../lib/gcc/nios2-elf/5.3.0/../../../../../H-x86_64-mingw32/nios2-elf/lib/mno-hw-mul\libc.a(lib_a-reallocr.o)
 .bss           0x0000000004011c3c        0x0 c:/intelfpga_lite/18.1/nios2eds/bin/gnu/h-x86_64-mingw32/bin/../lib/gcc/nios2-elf/5.3.0/../../../../../H-x86_64-mingw32/nios2-elf/lib/mno-hw-mul\libc.a(lib_a-sbrkr.o)
 .bss           0x0000000004011c3c        0x0 c:/intelfpga_lite/18.1/nios2eds/bin/gnu/h-x86_64-mingw32/bin/../lib/gcc/nios2-elf/5.3.0/../../../../../H-x86_64-mingw32/nios2-elf/lib/mno-hw-mul\libc.a(lib_a-stdio.o)
 .bss           0x0000000004011c3c        0x0 c:/intelfpga_lite/18.1/nios2eds/bin/gnu/h-x86_64-mingw32/bin/../lib/gcc/nios2-elf/5.3.0/../../../../../H-x86_64-mingw32/nios2-elf/lib/mno-hw-mul\libc.a(lib_a-writer.o)
 .bss           0x0000000004011c3c        0x0 c:/intelfpga_lite/18.1/nios2eds/bin/gnu/h-x86_64-mingw32/bin/../lib/gcc/nios2-elf/5.3.0/../../../../../H-x86_64-mingw32/nios2-elf/lib/mno-hw-mul\libc.a(lib_a-wsetup.o)
 .bss           0x0000000004011c3c        0x0 c:/intelfpga_lite/18.1/nios2eds/bin/gnu/h-x86_64-mingw32/bin/../lib/gcc/nios2-elf/5.3.0/../../../../../H-x86_64-mingw32/nios2-elf/lib/mno-hw-mul\libc.a(closer.o)
 .bss           0x0000000004011c3c        0x0 c:/intelfpga_lite/18.1/nios2eds/bin/gnu/h-x86_64-mingw32/bin/../lib/gcc/nios2-elf/5.3.0/../../../../../H-x86_64-mingw32/nios2-elf/lib/mno-hw-mul\libc.a(lib_a-fclose.o)
 .bss           0x0000000004011c3c        0x0 c:/intelfpga_lite/18.1/nios2eds/bin/gnu/h-x86_64-mingw32/bin/../lib/gcc/nios2-elf/5.3.0/../../../../../H-x86_64-mingw32/nios2-elf/lib/mno-hw-mul\libc.a(lib_a-fflush.o)
 .bss           0x0000000004011c3c        0x0 c:/intelfpga_lite/18.1/nios2eds/bin/gnu/h-x86_64-mingw32/bin/../lib/gcc/nios2-elf/5.3.0/../../../../../H-x86_64-mingw32/nios2-elf/lib/mno-hw-mul\libc.a(lib_a-freer.o)
 .bss           0x0000000004011c3c        0x0 c:/intelfpga_lite/18.1/nios2eds/bin/gnu/h-x86_64-mingw32/bin/../lib/gcc/nios2-elf/5.3.0/../../../../../H-x86_64-mingw32/nios2-elf/lib/mno-hw-mul\libc.a(lib_a-int_errno.o)
 .bss           0x0000000004011c3c        0x0 c:/intelfpga_lite/18.1/nios2eds/bin/gnu/h-x86_64-mingw32/bin/../lib/gcc/nios2-elf/5.3.0/../../../../../H-x86_64-mingw32/nios2-elf/lib/mno-hw-mul\libc.a(lib_a-lseekr.o)
 .bss           0x0000000004011c3c        0x0 c:/intelfpga_lite/18.1/nios2eds/bin/gnu/h-x86_64-mingw32/bin/../lib/gcc/nios2-elf/5.3.0/../../../../../H-x86_64-mingw32/nios2-elf/lib/mno-hw-mul\libc.a(lib_a-makebuf.o)
 .bss           0x0000000004011c3c        0x0 c:/intelfpga_lite/18.1/nios2eds/bin/gnu/h-x86_64-mingw32/bin/../lib/gcc/nios2-elf/5.3.0/../../../../../H-x86_64-mingw32/nios2-elf/lib/mno-hw-mul\libc.a(lib_a-readr.o)
 .bss           0x0000000004011c3c        0x0 c:/intelfpga_lite/18.1/nios2eds/bin/gnu/h-x86_64-mingw32/bin/../lib/gcc/nios2-elf/5.3.0/../../../../../H-x86_64-mingw32/nios2-elf/lib/mno-hw-mul\libc.a(lib_a-fstatr.o)
 .bss           0x0000000004011c3c        0x0 c:/intelfpga_lite/18.1/nios2eds/bin/gnu/h-x86_64-mingw32/bin/../lib/gcc/nios2-elf/5.3.0/../../../../../H-x86_64-mingw32/nios2-elf/lib/mno-hw-mul\libc.a(lib_a-isattyr.o)
 .bss           0x0000000004011c3c        0x0 c:/intelfpga_lite/18.1/nios2eds/bin/gnu/h-x86_64-mingw32/bin/../lib/gcc/nios2-elf/5.3.0/mno-hw-mul\libgcc.a(lib2-divmod.o)
 .bss           0x0000000004011c3c        0x0 c:/intelfpga_lite/18.1/nios2eds/bin/gnu/h-x86_64-mingw32/bin/../lib/gcc/nios2-elf/5.3.0/mno-hw-mul\libgcc.a(lib2-mul.o)
 .bss           0x0000000004011c3c        0x0 H:/Real_Time/TP_bsp/\libucosii_bsp.a(alt_close.o)
 .bss           0x0000000004011c3c        0x0 H:/Real_Time/TP_bsp/\libucosii_bsp.a(alt_dev.o)
 .bss           0x0000000004011c3c        0x0 H:/Real_Time/TP_bsp/\libucosii_bsp.a(alt_errno.o)
 .bss           0x0000000004011c3c        0x0 H:/Real_Time/TP_bsp/\libucosii_bsp.a(alt_fstat.o)
 .bss           0x0000000004011c3c        0x0 H:/Real_Time/TP_bsp/\libucosii_bsp.a(alt_isatty.o)
 .bss           0x0000000004011c3c        0x0 H:/Real_Time/TP_bsp/\libucosii_bsp.a(alt_load.o)
 .bss           0x0000000004011c3c        0x0 H:/Real_Time/TP_bsp/\libucosii_bsp.a(alt_lseek.o)
 .bss           0x0000000004011c3c        0x0 H:/Real_Time/TP_bsp/\libucosii_bsp.a(alt_main.o)
 .bss           0x0000000004011c3c        0x0 H:/Real_Time/TP_bsp/\libucosii_bsp.a(alt_read.o)
 .bss           0x0000000004011c3c        0x0 H:/Real_Time/TP_bsp/\libucosii_bsp.a(alt_release_fd.o)
 .bss           0x0000000004011c3c        0x0 H:/Real_Time/TP_bsp/\libucosii_bsp.a(alt_sbrk.o)
 .bss           0x0000000004011c3c        0x0 H:/Real_Time/TP_bsp/\libucosii_bsp.a(alt_write.o)
 .bss           0x0000000004011c3c        0x0 H:/Real_Time/TP_bsp/\libucosii_bsp.a(alt_env_lock.o)
 .bss           0x0000000004011c3c        0x0 H:/Real_Time/TP_bsp/\libucosii_bsp.a(alt_malloc_lock.o)
 .bss           0x0000000004011c3c        0x0 H:/Real_Time/TP_bsp/\libucosii_bsp.a(os_core.o)
 .bss           0x0000000004011c3c        0x0 H:/Real_Time/TP_bsp/\libucosii_bsp.a(os_dbg.o)
 .bss           0x0000000004011c3c        0x0 H:/Real_Time/TP_bsp/\libucosii_bsp.a(os_flag.o)
 .bss           0x0000000004011c3c        0x0 H:/Real_Time/TP_bsp/\libucosii_bsp.a(os_mem.o)
 .bss           0x0000000004011c3c        0x0 H:/Real_Time/TP_bsp/\libucosii_bsp.a(os_q.o)
 .bss           0x0000000004011c3c        0x0 H:/Real_Time/TP_bsp/\libucosii_bsp.a(os_sem.o)
 .bss           0x0000000004011c3c        0x0 H:/Real_Time/TP_bsp/\libucosii_bsp.a(os_task.o)
 .bss           0x0000000004011c3c        0x0 H:/Real_Time/TP_bsp/\libucosii_bsp.a(os_time.o)
 .bss           0x0000000004011c3c        0x0 H:/Real_Time/TP_bsp/\libucosii_bsp.a(alt_sys_init.o)
 .bss           0x0000000004011c3c        0x0 H:/Real_Time/TP_bsp/\libucosii_bsp.a(altera_avalon_jtag_uart_fd.o)
 .bss           0x0000000004011c3c        0x0 H:/Real_Time/TP_bsp/\libucosii_bsp.a(altera_avalon_jtag_uart_init.o)
 .bss           0x0000000004011c3c        0x0 H:/Real_Time/TP_bsp/\libucosii_bsp.a(altera_avalon_jtag_uart_ioctl.o)
 .bss           0x0000000004011c3c        0x0 H:/Real_Time/TP_bsp/\libucosii_bsp.a(altera_avalon_jtag_uart_read.o)
 .bss           0x0000000004011c3c        0x0 H:/Real_Time/TP_bsp/\libucosii_bsp.a(altera_avalon_jtag_uart_write.o)
 .bss           0x0000000004011c3c        0x0 H:/Real_Time/TP_bsp/\libucosii_bsp.a(altera_avalon_timer_sc.o)
 .bss           0x0000000004011c3c        0x0 H:/Real_Time/TP_bsp/\libucosii_bsp.a(altera_modular_adc.o)
 .bss           0x0000000004011c3c        0x0 H:/Real_Time/TP_bsp/\libucosii_bsp.a(alt_alarm_start.o)
 .bss           0x0000000004011c3c        0x0 H:/Real_Time/TP_bsp/\libucosii_bsp.a(alt_dcache_flush_all.o)
 .bss           0x0000000004011c3c        0x0 H:/Real_Time/TP_bsp/\libucosii_bsp.a(alt_dev_llist_insert.o)
 .bss           0x0000000004011c3c        0x0 H:/Real_Time/TP_bsp/\libucosii_bsp.a(alt_do_ctors.o)
 .bss           0x0000000004011c3c        0x0 H:/Real_Time/TP_bsp/\libucosii_bsp.a(alt_do_dtors.o)
 .bss           0x0000000004011c3c        0x0 H:/Real_Time/TP_bsp/\libucosii_bsp.a(alt_find_dev.o)
 .bss           0x0000000004011c3c        0x0 H:/Real_Time/TP_bsp/\libucosii_bsp.a(alt_icache_flush_all.o)
 .bss           0x0000000004011c3c        0x0 H:/Real_Time/TP_bsp/\libucosii_bsp.a(alt_iic.o)
 .bss           0x0000000004011c3c        0x0 H:/Real_Time/TP_bsp/\libucosii_bsp.a(alt_iic_isr_register.o)
 .bss           0x0000000004011c3c        0x0 H:/Real_Time/TP_bsp/\libucosii_bsp.a(alt_io_redirect.o)
 .bss           0x0000000004011c3c        0x0 H:/Real_Time/TP_bsp/\libucosii_bsp.a(alt_irq_entry.o)
 .bss           0x0000000004011c3c        0x0 H:/Real_Time/TP_bsp/\libucosii_bsp.a(alt_irq_handler.o)
 .bss           0x0000000004011c3c        0x0 H:/Real_Time/TP_bsp/\libucosii_bsp.a(alt_irq_vars.o)
 .bss           0x0000000004011c3c        0x0 H:/Real_Time/TP_bsp/\libucosii_bsp.a(alt_open.o)
 .bss           0x0000000004011c3c        0x0 H:/Real_Time/TP_bsp/\libucosii_bsp.a(alt_tick.o)
 .bss           0x0000000004011c3c        0x0 H:/Real_Time/TP_bsp/\libucosii_bsp.a(altera_nios2_gen2_irq.o)
 .bss           0x0000000004011c3c        0x0 H:/Real_Time/TP_bsp/\libucosii_bsp.a(os_cpu_a.o)
 .bss           0x0000000004011c3c        0x0 H:/Real_Time/TP_bsp/\libucosii_bsp.a(os_cpu_c.o)
 .bss           0x0000000004011c3c        0x0 H:/Real_Time/TP_bsp/\libucosii_bsp.a(alt_exception_entry.o)
 .bss           0x0000000004011c3c        0x0 H:/Real_Time/TP_bsp/\libucosii_bsp.a(alt_find_file.o)
 .bss           0x0000000004011c3c        0x0 H:/Real_Time/TP_bsp/\libucosii_bsp.a(alt_get_fd.o)
 .bss           0x0000000004011c3c        0x0 H:/Real_Time/TP_bsp/\libucosii_bsp.a(alt_instruction_exception_entry.o)
 .bss           0x0000000004011c3c        0x0 c:/intelfpga_lite/18.1/nios2eds/bin/gnu/h-x86_64-mingw32/bin/../lib/gcc/nios2-elf/5.3.0/../../../../../H-x86_64-mingw32/nios2-elf/lib/mno-hw-mul\libc.a(lib_a-atexit.o)
 .bss           0x0000000004011c3c        0x0 c:/intelfpga_lite/18.1/nios2eds/bin/gnu/h-x86_64-mingw32/bin/../lib/gcc/nios2-elf/5.3.0/../../../../../H-x86_64-mingw32/nios2-elf/lib/mno-hw-mul\libc.a(lib_a-exit.o)
 .bss           0x0000000004011c3c        0x0 c:/intelfpga_lite/18.1/nios2eds/bin/gnu/h-x86_64-mingw32/bin/../lib/gcc/nios2-elf/5.3.0/../../../../../H-x86_64-mingw32/nios2-elf/lib/mno-hw-mul\libc.a(lib_a-memcmp.o)
 .bss           0x0000000004011c3c        0x0 c:/intelfpga_lite/18.1/nios2eds/bin/gnu/h-x86_64-mingw32/bin/../lib/gcc/nios2-elf/5.3.0/../../../../../H-x86_64-mingw32/nios2-elf/lib/mno-hw-mul\libc.a(lib_a-__atexit.o)
 .bss           0x0000000004011c3c        0x0 c:/intelfpga_lite/18.1/nios2eds/bin/gnu/h-x86_64-mingw32/bin/../lib/gcc/nios2-elf/5.3.0/../../../../../H-x86_64-mingw32/nios2-elf/lib/mno-hw-mul\libc.a(lib_a-__call_atexit.o)
 .bss           0x0000000004011c3c        0x0 H:/Real_Time/TP_bsp/\libucosii_bsp.a(alt_exit.o)
 *(COMMON)
 COMMON         0x0000000004011c3c     0x4000 obj/default/hello_ucosii.o
                0x0000000004011c3c                task1_stk
                0x0000000004013c3c                task2_stk
 COMMON         0x0000000004015c3c     0x3224 H:/Real_Time/TP_bsp/\libucosii_bsp.a(os_core.o)
                0x0000000004015c3c                OSFlagTbl
                0x0000000004015fac                OSMemTbl
                0x0000000004016bdc                OSTaskStatStk
                0x00000000040173dc                OSQTbl
                0x00000000040175bc                OSTaskIdleStk
                0x0000000004017dbc                OSEventTbl
                0x00000000040188fc                OSTCBTbl
                0x0000000004018e0c                OSTCBPrioTbl
 COMMON         0x0000000004018e60      0x100 H:/Real_Time/TP_bsp/\libucosii_bsp.a(alt_irq_handler.o)
                0x0000000004018e60                alt_irq
                0x0000000004018f60                . = ALIGN (0x4)
                0x0000000004018f60                __bss_end = ABSOLUTE (.)

.sdram          0x0000000004018f60        0x0
                [!provide]                        PROVIDE (_alt_partition_sdram_start, ABSOLUTE (.))
 *(.sdram .sdram. sdram.*)
                0x0000000004018f60                . = ALIGN (0x4)
                [!provide]                        PROVIDE (_alt_partition_sdram_end, ABSOLUTE (.))
                0x0000000004018f60                _end = ABSOLUTE (.)
                0x0000000004018f60                end = ABSOLUTE (.)
                0x0000000004018f60                __alt_stack_base = ABSOLUTE (.)
                [!provide]                        PROVIDE (_alt_partition_sdram_load_addr, LOADADDR (.sdram))

.onchip_memory2_0
                0x0000000008008000        0x0 load address 0x0000000004018f60
                [!provide]                        PROVIDE (_alt_partition_onchip_memory2_0_start, ABSOLUTE (.))
 *(.onchip_memory2_0 .onchip_memory2_0. onchip_memory2_0.*)
                0x0000000008008000                . = ALIGN (0x4)
                [!provide]                        PROVIDE (_alt_partition_onchip_memory2_0_end, ABSOLUTE (.))
                [!provide]                        PROVIDE (_alt_partition_onchip_memory2_0_load_addr, LOADADDR (.onchip_memory2_0))

.stab
 *(.stab)

.stabstr
 *(.stabstr)

.stab.excl
 *(.stab.excl)

.stab.exclstr
 *(.stab.exclstr)

.stab.index
 *(.stab.index)

.stab.indexstr
 *(.stab.indexstr)

.comment        0x0000000000000000       0x23
 *(.comment)
 .comment       0x0000000000000000       0x23 obj/default/hello_ucosii.o
                                         0x24 (size before relaxing)
 .comment       0x0000000000000023       0x24 c:/intelfpga_lite/18.1/nios2eds/bin/gnu/h-x86_64-mingw32/bin/../lib/gcc/nios2-elf/5.3.0/../../../../../H-x86_64-mingw32/nios2-elf/lib/mno-hw-mul\libc.a(lib_a-puts.o)
 .comment       0x0000000000000023       0x24 c:/intelfpga_lite/18.1/nios2eds/bin/gnu/h-x86_64-mingw32/bin/../lib/gcc/nios2-elf/5.3.0/../../../../../H-x86_64-mingw32/nios2-elf/lib/mno-hw-mul\libc.a(lib_a-strlen.o)
 .comment       0x0000000000000023       0x24 c:/intelfpga_lite/18.1/nios2eds/bin/gnu/h-x86_64-mingw32/bin/../lib/gcc/nios2-elf/5.3.0/../../../../../H-x86_64-mingw32/nios2-elf/lib/mno-hw-mul\libc.a(lib_a-findfp.o)
 .comment       0x0000000000000023       0x24 c:/intelfpga_lite/18.1/nios2eds/bin/gnu/h-x86_64-mingw32/bin/../lib/gcc/nios2-elf/5.3.0/../../../../../H-x86_64-mingw32/nios2-elf/lib/mno-hw-mul\libc.a(lib_a-fvwrite.o)
 .comment       0x0000000000000023       0x24 c:/intelfpga_lite/18.1/nios2eds/bin/gnu/h-x86_64-mingw32/bin/../lib/gcc/nios2-elf/5.3.0/../../../../../H-x86_64-mingw32/nios2-elf/lib/mno-hw-mul\libc.a(lib_a-fwalk.o)
 .comment       0x0000000000000023       0x24 c:/intelfpga_lite/18.1/nios2eds/bin/gnu/h-x86_64-mingw32/bin/../lib/gcc/nios2-elf/5.3.0/../../../../../H-x86_64-mingw32/nios2-elf/lib/mno-hw-mul\libc.a(lib_a-impure.o)
 .comment       0x0000000000000023       0x24 c:/intelfpga_lite/18.1/nios2eds/bin/gnu/h-x86_64-mingw32/bin/../lib/gcc/nios2-elf/5.3.0/../../../../../H-x86_64-mingw32/nios2-elf/lib/mno-hw-mul\libc.a(lib_a-mallocr.o)
 .comment       0x0000000000000023       0x24 c:/intelfpga_lite/18.1/nios2eds/bin/gnu/h-x86_64-mingw32/bin/../lib/gcc/nios2-elf/5.3.0/../../../../../H-x86_64-mingw32/nios2-elf/lib/mno-hw-mul\libc.a(lib_a-memchr.o)
 .comment       0x0000000000000023       0x24 c:/intelfpga_lite/18.1/nios2eds/bin/gnu/h-x86_64-mingw32/bin/../lib/gcc/nios2-elf/5.3.0/../../../../../H-x86_64-mingw32/nios2-elf/lib/mno-hw-mul\libc.a(lib_a-memcpy.o)
 .comment       0x0000000000000023       0x24 c:/intelfpga_lite/18.1/nios2eds/bin/gnu/h-x86_64-mingw32/bin/../lib/gcc/nios2-elf/5.3.0/../../../../../H-x86_64-mingw32/nios2-elf/lib/mno-hw-mul\libc.a(lib_a-memmove.o)
 .comment       0x0000000000000023       0x24 c:/intelfpga_lite/18.1/nios2eds/bin/gnu/h-x86_64-mingw32/bin/../lib/gcc/nios2-elf/5.3.0/../../../../../H-x86_64-mingw32/nios2-elf/lib/mno-hw-mul\libc.a(lib_a-memset.o)
 .comment       0x0000000000000023       0x24 c:/intelfpga_lite/18.1/nios2eds/bin/gnu/h-x86_64-mingw32/bin/../lib/gcc/nios2-elf/5.3.0/../../../../../H-x86_64-mingw32/nios2-elf/lib/mno-hw-mul\libc.a(lib_a-reallocr.o)
 .comment       0x0000000000000023       0x24 c:/intelfpga_lite/18.1/nios2eds/bin/gnu/h-x86_64-mingw32/bin/../lib/gcc/nios2-elf/5.3.0/../../../../../H-x86_64-mingw32/nios2-elf/lib/mno-hw-mul\libc.a(lib_a-sbrkr.o)
 .comment       0x0000000000000023       0x24 c:/intelfpga_lite/18.1/nios2eds/bin/gnu/h-x86_64-mingw32/bin/../lib/gcc/nios2-elf/5.3.0/../../../../../H-x86_64-mingw32/nios2-elf/lib/mno-hw-mul\libc.a(lib_a-stdio.o)
 .comment       0x0000000000000023       0x24 c:/intelfpga_lite/18.1/nios2eds/bin/gnu/h-x86_64-mingw32/bin/../lib/gcc/nios2-elf/5.3.0/../../../../../H-x86_64-mingw32/nios2-elf/lib/mno-hw-mul\libc.a(lib_a-writer.o)
 .comment       0x0000000000000023       0x24 c:/intelfpga_lite/18.1/nios2eds/bin/gnu/h-x86_64-mingw32/bin/../lib/gcc/nios2-elf/5.3.0/../../../../../H-x86_64-mingw32/nios2-elf/lib/mno-hw-mul\libc.a(lib_a-wsetup.o)
 .comment       0x0000000000000023       0x24 c:/intelfpga_lite/18.1/nios2eds/bin/gnu/h-x86_64-mingw32/bin/../lib/gcc/nios2-elf/5.3.0/../../../../../H-x86_64-mingw32/nios2-elf/lib/mno-hw-mul\libc.a(closer.o)
 .comment       0x0000000000000023       0x24 c:/intelfpga_lite/18.1/nios2eds/bin/gnu/h-x86_64-mingw32/bin/../lib/gcc/nios2-elf/5.3.0/../../../../../H-x86_64-mingw32/nios2-elf/lib/mno-hw-mul\libc.a(lib_a-fclose.o)
 .comment       0x0000000000000023       0x24 c:/intelfpga_lite/18.1/nios2eds/bin/gnu/h-x86_64-mingw32/bin/../lib/gcc/nios2-elf/5.3.0/../../../../../H-x86_64-mingw32/nios2-elf/lib/mno-hw-mul\libc.a(lib_a-fflush.o)
 .comment       0x0000000000000023       0x24 c:/intelfpga_lite/18.1/nios2eds/bin/gnu/h-x86_64-mingw32/bin/../lib/gcc/nios2-elf/5.3.0/../../../../../H-x86_64-mingw32/nios2-elf/lib/mno-hw-mul\libc.a(lib_a-freer.o)
 .comment       0x0000000000000023       0x24 c:/intelfpga_lite/18.1/nios2eds/bin/gnu/h-x86_64-mingw32/bin/../lib/gcc/nios2-elf/5.3.0/../../../../../H-x86_64-mingw32/nios2-elf/lib/mno-hw-mul\libc.a(lib_a-int_errno.o)
 .comment       0x0000000000000023       0x24 c:/intelfpga_lite/18.1/nios2eds/bin/gnu/h-x86_64-mingw32/bin/../lib/gcc/nios2-elf/5.3.0/../../../../../H-x86_64-mingw32/nios2-elf/lib/mno-hw-mul\libc.a(lib_a-lseekr.o)
 .comment       0x0000000000000023       0x24 c:/intelfpga_lite/18.1/nios2eds/bin/gnu/h-x86_64-mingw32/bin/../lib/gcc/nios2-elf/5.3.0/../../../../../H-x86_64-mingw32/nios2-elf/lib/mno-hw-mul\libc.a(lib_a-makebuf.o)
 .comment       0x0000000000000023       0x24 c:/intelfpga_lite/18.1/nios2eds/bin/gnu/h-x86_64-mingw32/bin/../lib/gcc/nios2-elf/5.3.0/../../../../../H-x86_64-mingw32/nios2-elf/lib/mno-hw-mul\libc.a(lib_a-readr.o)
 .comment       0x0000000000000023       0x24 c:/intelfpga_lite/18.1/nios2eds/bin/gnu/h-x86_64-mingw32/bin/../lib/gcc/nios2-elf/5.3.0/../../../../../H-x86_64-mingw32/nios2-elf/lib/mno-hw-mul\libc.a(lib_a-fstatr.o)
 .comment       0x0000000000000023       0x24 c:/intelfpga_lite/18.1/nios2eds/bin/gnu/h-x86_64-mingw32/bin/../lib/gcc/nios2-elf/5.3.0/../../../../../H-x86_64-mingw32/nios2-elf/lib/mno-hw-mul\libc.a(lib_a-isattyr.o)
 .comment       0x0000000000000023       0x24 c:/intelfpga_lite/18.1/nios2eds/bin/gnu/h-x86_64-mingw32/bin/../lib/gcc/nios2-elf/5.3.0/mno-hw-mul\libgcc.a(lib2-divmod.o)
 .comment       0x0000000000000023       0x24 c:/intelfpga_lite/18.1/nios2eds/bin/gnu/h-x86_64-mingw32/bin/../lib/gcc/nios2-elf/5.3.0/mno-hw-mul\libgcc.a(lib2-mul.o)